Archive member included to satisfy reference by file (symbol)

c:/st/stm32cubeide_1.8.0/stm32cubeide/plugins/com.st.stm32cube.ide.mcu.externaltools.gnu-tools-for-stm32.9-2020-q2-update.win32_2.0.0.202105311346/tools/bin/../lib/gcc/arm-none-eabi/9.3.1/../../../../arm-none-eabi/lib/thumb/v7-m/nofp\libc_nano.a(lib_a-errno.o)
                              ./Core/Src/syscalls.o (__errno)
c:/st/stm32cubeide_1.8.0/stm32cubeide/plugins/com.st.stm32cube.ide.mcu.externaltools.gnu-tools-for-stm32.9-2020-q2-update.win32_2.0.0.202105311346/tools/bin/../lib/gcc/arm-none-eabi/9.3.1/../../../../arm-none-eabi/lib/thumb/v7-m/nofp\libc_nano.a(lib_a-exit.o)
                              c:/st/stm32cubeide_1.8.0/stm32cubeide/plugins/com.st.stm32cube.ide.mcu.externaltools.gnu-tools-for-stm32.9-2020-q2-update.win32_2.0.0.202105311346/tools/bin/../lib/gcc/arm-none-eabi/9.3.1/../../../../arm-none-eabi/lib/thumb/v7-m/nofp/crt0.o (exit)
c:/st/stm32cubeide_1.8.0/stm32cubeide/plugins/com.st.stm32cube.ide.mcu.externaltools.gnu-tools-for-stm32.9-2020-q2-update.win32_2.0.0.202105311346/tools/bin/../lib/gcc/arm-none-eabi/9.3.1/../../../../arm-none-eabi/lib/thumb/v7-m/nofp\libc_nano.a(lib_a-impure.o)
                              c:/st/stm32cubeide_1.8.0/stm32cubeide/plugins/com.st.stm32cube.ide.mcu.externaltools.gnu-tools-for-stm32.9-2020-q2-update.win32_2.0.0.202105311346/tools/bin/../lib/gcc/arm-none-eabi/9.3.1/../../../../arm-none-eabi/lib/thumb/v7-m/nofp\libc_nano.a(lib_a-exit.o) (_global_impure_ptr)
c:/st/stm32cubeide_1.8.0/stm32cubeide/plugins/com.st.stm32cube.ide.mcu.externaltools.gnu-tools-for-stm32.9-2020-q2-update.win32_2.0.0.202105311346/tools/bin/../lib/gcc/arm-none-eabi/9.3.1/../../../../arm-none-eabi/lib/thumb/v7-m/nofp\libc_nano.a(lib_a-init.o)
                              c:/st/stm32cubeide_1.8.0/stm32cubeide/plugins/com.st.stm32cube.ide.mcu.externaltools.gnu-tools-for-stm32.9-2020-q2-update.win32_2.0.0.202105311346/tools/bin/../lib/gcc/arm-none-eabi/9.3.1/../../../../arm-none-eabi/lib/thumb/v7-m/nofp/crt0.o (__libc_init_array)
c:/st/stm32cubeide_1.8.0/stm32cubeide/plugins/com.st.stm32cube.ide.mcu.externaltools.gnu-tools-for-stm32.9-2020-q2-update.win32_2.0.0.202105311346/tools/bin/../lib/gcc/arm-none-eabi/9.3.1/../../../../arm-none-eabi/lib/thumb/v7-m/nofp\libc_nano.a(lib_a-memset.o)
                              c:/st/stm32cubeide_1.8.0/stm32cubeide/plugins/com.st.stm32cube.ide.mcu.externaltools.gnu-tools-for-stm32.9-2020-q2-update.win32_2.0.0.202105311346/tools/bin/../lib/gcc/arm-none-eabi/9.3.1/../../../../arm-none-eabi/lib/thumb/v7-m/nofp/crt0.o (memset)
c:/st/stm32cubeide_1.8.0/stm32cubeide/plugins/com.st.stm32cube.ide.mcu.externaltools.gnu-tools-for-stm32.9-2020-q2-update.win32_2.0.0.202105311346/tools/bin/../lib/gcc/arm-none-eabi/9.3.1/thumb/v7-m/nofp\libgcc.a(_arm_muldf3.o)
                              ./Core/Src/pH_driver.o (__aeabi_dmul)
c:/st/stm32cubeide_1.8.0/stm32cubeide/plugins/com.st.stm32cube.ide.mcu.externaltools.gnu-tools-for-stm32.9-2020-q2-update.win32_2.0.0.202105311346/tools/bin/../lib/gcc/arm-none-eabi/9.3.1/thumb/v7-m/nofp\libgcc.a(_arm_mulsf3.o)
                              ./Core/Src/sensors.o (__aeabi_fmul)
c:/st/stm32cubeide_1.8.0/stm32cubeide/plugins/com.st.stm32cube.ide.mcu.externaltools.gnu-tools-for-stm32.9-2020-q2-update.win32_2.0.0.202105311346/tools/bin/../lib/gcc/arm-none-eabi/9.3.1/thumb/v7-m/nofp\libgcc.a(_arm_addsubdf3.o)
                              ./Core/Src/pH_driver.o (__aeabi_dsub)
c:/st/stm32cubeide_1.8.0/stm32cubeide/plugins/com.st.stm32cube.ide.mcu.externaltools.gnu-tools-for-stm32.9-2020-q2-update.win32_2.0.0.202105311346/tools/bin/../lib/gcc/arm-none-eabi/9.3.1/thumb/v7-m/nofp\libgcc.a(_arm_muldivdf3.o)
                              ./Core/Src/pH_driver.o (__aeabi_ddiv)
c:/st/stm32cubeide_1.8.0/stm32cubeide/plugins/com.st.stm32cube.ide.mcu.externaltools.gnu-tools-for-stm32.9-2020-q2-update.win32_2.0.0.202105311346/tools/bin/../lib/gcc/arm-none-eabi/9.3.1/thumb/v7-m/nofp\libgcc.a(_arm_cmpdf2.o)
                              ./Core/Src/peristaltic_driver.o (__aeabi_dcmpeq)
c:/st/stm32cubeide_1.8.0/stm32cubeide/plugins/com.st.stm32cube.ide.mcu.externaltools.gnu-tools-for-stm32.9-2020-q2-update.win32_2.0.0.202105311346/tools/bin/../lib/gcc/arm-none-eabi/9.3.1/thumb/v7-m/nofp\libgcc.a(_arm_fixdfsi.o)
                              ./Core/Src/peristaltic_driver.o (__aeabi_d2iz)
c:/st/stm32cubeide_1.8.0/stm32cubeide/plugins/com.st.stm32cube.ide.mcu.externaltools.gnu-tools-for-stm32.9-2020-q2-update.win32_2.0.0.202105311346/tools/bin/../lib/gcc/arm-none-eabi/9.3.1/thumb/v7-m/nofp\libgcc.a(_arm_truncdfsf2.o)
                              ./Core/Src/hydro_control_loop.o (__aeabi_d2f)
c:/st/stm32cubeide_1.8.0/stm32cubeide/plugins/com.st.stm32cube.ide.mcu.externaltools.gnu-tools-for-stm32.9-2020-q2-update.win32_2.0.0.202105311346/tools/bin/../lib/gcc/arm-none-eabi/9.3.1/thumb/v7-m/nofp\libgcc.a(_arm_addsubsf3.o)
                              ./Core/Src/pH_driver.o (__aeabi_fadd)
[...]
Memory Configuration

Name             Origin             Length             Attributes
RAM              0x0000000020000000 0x000000000001c000 xrw
RAM2             0x000000002001c000 0x0000000000004000 xrw
FLASH            0x0000000008000000 0x0000000000100000 xr
*default*        0x0000000000000000 0xffffffffffffffff

Linker script and memory map

LOAD c:/st/stm32cubeide_1.8.0/stm32cubeide/plugins/com.st.stm32cube.ide.mcu.externaltools.gnu-tools-for-stm32.9-2020-q2-update.win32_2.0.0.202105311346/tools/bin/../lib/gcc/arm-none-eabi/9.3.1/thumb/v7-m/nofp/crti.o
LOAD c:/st/stm32cubeide_1.8.0/stm32cubeide/plugins/com.st.stm32cube.ide.mcu.externaltools.gnu-tools-for-stm32.9-2020-q2-update.win32_2.0.0.202105311346/tools/bin/../lib/gcc/arm-none-eabi/9.3.1/thumb/v7-m/nofp/crtbegin.o
LOAD c:/st/stm32cubeide_1.8.0/stm32cubeide/plugins/com.st.stm32cube.ide.mcu.externaltools.gnu-tools-for-stm32.9-2020-q2-update.win32_2.0.0.202105311346/tools/bin/../lib/gcc/arm-none-eabi/9.3.1/../../../../arm-none-eabi/lib/thumb/v7-m/nofp/crt0.o
LOAD ./Core/Src/ADC_driver.o
LOAD ./Core/Src/RTC_driver.o
LOAD ./Core/Src/TDS_driver.o
LOAD ./Core/Src/fan_driver.o
LOAD ./Core/Src/heater_driver.o
LOAD ./Core/Src/hydro_control_loop.o
LOAD ./Core/Src/light_driver.o
LOAD ./Core/Src/main.o
LOAD ./Core/Src/nutrient_pH_driver.o
LOAD ./Core/Src/pH_driver.o
LOAD ./Core/Src/peristaltic_driver.o
LOAD ./Core/Src/sensors.o
LOAD ./Core/Src/stm32f2xx_hal_msp.o
LOAD ./Core/Src/stm32f2xx_it.o
LOAD ./Core/Src/syscalls.o
LOAD ./Core/Src/sysmem.o
LOAD ./Core/Src/system_stm32f2xx.o
LOAD ./Core/Src/water_temp_driver.o
LOAD ./Core/Startup/startup_stm32f207zgtx.o
LOAD ./Drivers/STM32F2xx_HAL_Driver/Src/stm32f2xx_hal.o
LOAD ./Drivers/STM32F2xx_HAL_Driver/Src/stm32f2xx_hal_adc.o
LOAD ./Drivers/STM32F2xx_HAL_Driver/Src/stm32f2xx_hal_adc_ex.o
LOAD ./Drivers/STM32F2xx_HAL_Driver/Src/stm32f2xx_hal_cortex.o
LOAD ./Drivers/STM32F2xx_HAL_Driver/Src/stm32f2xx_hal_dma.o
LOAD ./Drivers/STM32F2xx_HAL_Driver/Src/stm32f2xx_hal_dma_ex.o
LOAD ./Drivers/STM32F2xx_HAL_Driver/Src/stm32f2xx_hal_exti.o
LOAD ./Drivers/STM32F2xx_HAL_Driver/Src/stm32f2xx_hal_flash.o
LOAD ./Drivers/STM32F2xx_HAL_Driver/Src/stm32f2xx_hal_flash_ex.o
LOAD ./Drivers/STM32F2xx_HAL_Driver/Src/stm32f2xx_hal_gpio.o
LOAD ./Drivers/STM32F2xx_HAL_Driver/Src/stm32f2xx_hal_pwr.o
LOAD ./Drivers/STM32F2xx_HAL_Driver/Src/stm32f2xx_hal_pwr_ex.o
LOAD ./Drivers/STM32F2xx_HAL_Driver/Src/stm32f2xx_hal_rcc.o
LOAD ./Drivers/STM32F2xx_HAL_Driver/Src/stm32f2xx_hal_rcc_ex.o
LOAD ./Drivers/STM32F2xx_HAL_Driver/Src/stm32f2xx_hal_rtc.o
LOAD ./Drivers/STM32F2xx_HAL_Driver/Src/stm32f2xx_hal_rtc_ex.o
LOAD ./Drivers/STM32F2xx_HAL_Driver/Src/stm32f2xx_hal_tim.o
LOAD ./Drivers/STM32F2xx_HAL_Driver/Src/stm32f2xx_hal_tim_ex.o
START GROUP
LOAD c:/st/stm32cubeide_1.8.0/stm32cubeide/plugins/com.st.stm32cube.ide.mcu.externaltools.gnu-tools-for-stm32.9-2020-q2-update.win32_2.0.0.202105311346/tools/bin/../lib/gcc/arm-none-eabi/9.3.1/../../../../arm-none-eabi/lib/thumb/v7-m/nofp\libc_nano.a
LOAD c:/st/stm32cubeide_1.8.0/stm32cubeide/plugins/com.st.stm32cube.ide.mcu.externaltools.gnu-tools-for-stm32.9-2020-q2-update.win32_2.0.0.202105311346/tools/bin/../lib/gcc/arm-none-eabi/9.3.1/../../../../arm-none-eabi/lib/thumb/v7-m/nofp\libm.a
END GROUP
START GROUP
LOAD c:/st/stm32cubeide_1.8.0/stm32cubeide/plugins/com.st.stm32cube.ide.mcu.externaltools.gnu-tools-for-stm32.9-2020-q2-update.win32_2.0.0.202105311346/tools/bin/../lib/gcc/arm-none-eabi/9.3.1/thumb/v7-m/nofp\libgcc.a
LOAD c:/st/stm32cubeide_1.8.0/stm32cubeide/plugins/com.st.stm32cube.ide.mcu.externaltools.gnu-tools-for-stm32.9-2020-q2-update.win32_2.0.0.202105311346/tools/bin/../lib/gcc/arm-none-eabi/9.3.1/../../../../arm-none-eabi/lib/thumb/v7-m/nofp\libc_nano.a
END GROUP
START GROUP
LOAD c:/st/stm32cubeide_1.8.0/stm32cubeide/plugins/com.st.stm32cube.ide.mcu.externaltools.gnu-tools-for-stm32.9-2020-q2-update.win32_2.0.0.202105311346/tools/bin/../lib/gcc/arm-none-eabi/9.3.1/thumb/v7-m/nofp\libgcc.a
LOAD c:/st/stm32cubeide_1.8.0/stm32cubeide/plugins/com.st.stm32cube.ide.mcu.externaltools.gnu-tools-for-stm32.9-2020-q2-update.win32_2.0.0.202105311346/tools/bin/../lib/gcc/arm-none-eabi/9.3.1/../../../../arm-none-eabi/lib/thumb/v7-m/nofp\libc_nano.a
LOAD c:/st/stm32cubeide_1.8.0/stm32cubeide/plugins/com.st.stm32cube.ide.mcu.externaltools.gnu-tools-for-stm32.9-2020-q2-update.win32_2.0.0.202105311346/tools/bin/../lib/gcc/arm-none-eabi/9.3.1/../../../../arm-none-eabi/lib/thumb/v7-m/nofp\libnosys.a
END GROUP
START GROUP
LOAD c:/st/stm32cubeide_1.8.0/stm32cubeide/plugins/com.st.stm32cube.ide.mcu.externaltools.gnu-tools-for-stm32.9-2020-q2-update.win32_2.0.0.202105311346/tools/bin/../lib/gcc/arm-none-eabi/9.3.1/thumb/v7-m/nofp\libgcc.a
LOAD c:/st/stm32cubeide_1.8.0/stm32cubeide/plugins/com.st.stm32cube.ide.mcu.externaltools.gnu-tools-for-stm32.9-2020-q2-update.win32_2.0.0.202105311346/tools/bin/../lib/gcc/arm-none-eabi/9.3.1/../../../../arm-none-eabi/lib/thumb/v7-m/nofp\libc_nano.a
LOAD c:/st/stm32cubeide_1.8.0/stm32cubeide/plugins/com.st.stm32cube.ide.mcu.externaltools.gnu-tools-for-stm32.9-2020-q2-update.win32_2.0.0.202105311346/tools/bin/../lib/gcc/arm-none-eabi/9.3.1/../../../../arm-none-eabi/lib/thumb/v7-m/nofp\libnosys.a
END GROUP
LOAD c:/st/stm32cubeide_1.8.0/stm32cubeide/plugins/com.st.stm32cube.ide.mcu.externaltools.gnu-tools-for-stm32.9-2020-q2-update.win32_2.0.0.202105311346/tools/bin/../lib/gcc/arm-none-eabi/9.3.1/thumb/v7-m/nofp/crtend.o
LOAD c:/st/stm32cubeide_1.8.0/stm32cubeide/plugins/com.st.stm32cube.ide.mcu.externaltools.gnu-tools-for-stm32.9-2020-q2-update.win32_2.0.0.202105311346/tools/bin/../lib/gcc/arm-none-eabi/9.3.1/thumb/v7-m/nofp/crtn.o
                0x000000002001c000                _estack = (ORIGIN (RAM) + LENGTH (RAM))
                0x0000000000000200                _Min_Heap_Size = 0x200
                0x0000000000000400                _Min_Stack_Size = 0x400

.isr_vector     0x0000000008000000      0x184
                0x0000000008000000                . = ALIGN (0x4)
 *(.isr_vector)
 .isr_vector    0x0000000008000000      0x184 ./Core/Startup/startup_stm32f207zgtx.o
                0x0000000008000000                g_pfnVectors
                0x0000000008000184                . = ALIGN (0x4)

.text           0x0000000008000188     0x62c0
                0x0000000008000188                . = ALIGN (0x4)
 *(.text)
 .text          0x0000000008000188       0x40 c:/st/stm32cubeide_1.8.0/stm32cubeide/plugins/com.st.stm32cube.ide.mcu.externaltools.gnu-tools-for-stm32.9-2020-q2-update.win32_2.0.0.202105311346/tools/bin/../lib/gcc/arm-none-eabi/9.3.1/thumb/v7-m/nofp/crtbegin.o
 .text          0x00000000080001c8      0x378 c:/st/stm32cubeide_1.8.0/stm32cubeide/plugins/com.st.stm32cube.ide.mcu.externaltools.gnu-tools-for-stm32.9-2020-q2-update.win32_2.0.0.202105311346/tools/bin/../lib/gcc/arm-none-eabi/9.3.1/thumb/v7-m/nofp\libgcc.a(_arm_addsubdf3.o)
                0x00000000080001c8                __aeabi_drsub
                0x00000000080001d0                __aeabi_dsub
                0x00000000080001d0                __subdf3
                0x00000000080001d4                __aeabi_dadd
                0x00000000080001d4                __adddf3
                0x000000000800044c                __floatunsidf
                0x000000000800044c                __aeabi_ui2d
                0x000000000800046c                __floatsidf
                0x000000000800046c                __aeabi_i2d
                0x0000000008000490                __aeabi_f2d
                0x0000000008000490                __extendsfdf2
                0x00000000080004d4                __floatundidf
                0x00000000080004d4                __aeabi_ul2d
                0x00000000080004e4                __floatdidf
                0x00000000080004e4                __aeabi_l2d
 .text          0x0000000008000540      0x424 c:/st/stm32cubeide_1.8.0/stm32cubeide/plugins/com.st.stm32cube.ide.mcu.externaltools.gnu-tools-for-stm32.9-2020-q2-update.win32_2.0.0.202105311346/tools/bin/../lib/gcc/arm-none-eabi/9.3.1/thumb/v7-m/nofp\libgcc.a(_arm_muldivdf3.o)
                0x0000000008000540                __aeabi_dmul
                0x0000000008000540                __muldf3
                0x0000000008000794                __divdf3
                0x0000000008000794                __aeabi_ddiv
 .text          0x0000000008000964      0x110 c:/st/stm32cubeide_1.8.0/stm32cubeide/plugins/com.st.stm32cube.ide.mcu.externaltools.gnu-tools-for-stm32.9-2020-q2-update.win32_2.0.0.202105311346/tools/bin/../lib/gcc/arm-none-eabi/9.3.1/thumb/v7-m/nofp\libgcc.a(_arm_cmpdf2.o)
                0x0000000008000964                __gtdf2
                0x0000000008000964                __gedf2
                0x000000000800096c                __ltdf2
                0x000000000800096c                __ledf2
                0x0000000008000974                __nedf2
                0x0000000008000974                __eqdf2
                0x0000000008000974                __cmpdf2
                0x00000000080009f0                __aeabi_cdrcmple
                0x0000000008000a00                __aeabi_cdcmpeq
                0x0000000008000a00                __aeabi_cdcmple
                0x0000000008000a10                __aeabi_dcmpeq
                0x0000000008000a24                __aeabi_dcmplt
                0x0000000008000a38                __aeabi_dcmple
                0x0000000008000a4c                __aeabi_dcmpge
                0x0000000008000a60                __aeabi_dcmpgt
 .text          0x0000000008000a74       0x50 c:/st/stm32cubeide_1.8.0/stm32cubeide/plugins/com.st.stm32cube.ide.mcu.externaltools.gnu-tools-for-stm32.9-2020-q2-update.win32_2.0.0.202105311346/tools/bin/../lib/gcc/arm-none-eabi/9.3.1/thumb/v7-m/nofp\libgcc.a(_arm_fixdfsi.o)
                0x0000000008000a74                __aeabi_d2iz
                0x0000000008000a74                __fixdfsi
 .text          0x0000000008000ac4       0xa0 c:/st/stm32cubeide_1.8.0/stm32cubeide/plugins/com.st.stm32cube.ide.mcu.externaltools.gnu-tools-for-stm32.9-2020-q2-update.win32_2.0.0.202105311346/tools/bin/../lib/gcc/arm-none-eabi/9.3.1/thumb/v7-m/nofp\libgcc.a(_arm_truncdfsf2.o)
                0x0000000008000ac4                __truncdfsf2
                0x0000000008000ac4                __aeabi_d2f
 .text          0x0000000008000b64      0x21c c:/st/stm32cubeide_1.8.0/stm32cubeide/plugins/com.st.stm32cube.ide.mcu.externaltools.gnu-tools-for-stm32.9-2020-q2-update.win32_2.0.0.202105311346/tools/bin/../lib/gcc/arm-none-eabi/9.3.1/thumb/v7-m/nofp\libgcc.a(_arm_addsubsf3.o)
                0x0000000008000b64                __aeabi_frsub
                0x0000000008000b6c                __subsf3
                0x0000000008000b6c                __aeabi_fsub
                0x0000000008000b70                __aeabi_fadd
                0x0000000008000b70                __addsf3
                0x0000000008000cd0                __aeabi_ui2f
                0x0000000008000cd0                __floatunsisf
                0x0000000008000cd8                __aeabi_i2f
                0x0000000008000cd8                __floatsisf
                0x0000000008000cf4                __aeabi_ul2f
                0x0000000008000cf4                __floatundisf
                0x0000000008000d04                __aeabi_l2f
                0x0000000008000d04                __floatdisf
 .text          0x0000000008000d80      0x2a0 c:/st/stm32cubeide_1.8.0/stm32cubeide/plugins/com.st.stm32cube.ide.mcu.externaltools.gnu-tools-for-stm32.9-2020-q2-update.win32_2.0.0.202105311346/tools/bin/../lib/gcc/arm-none-eabi/9.3.1/thumb/v7-m/nofp\libgcc.a(_arm_muldivsf3.o)
                0x0000000008000d80                __mulsf3
                0x0000000008000d80                __aeabi_fmul
                0x0000000008000ee8                __aeabi_fdiv
                0x0000000008000ee8                __divsf3
 .text          0x0000000008001020       0xec c:/st/stm32cubeide_1.8.0/stm32cubeide/plugins/com.st.stm32cube.ide.mcu.externaltools.gnu-tools-for-stm32.9-2020-q2-update.win32_2.0.0.202105311346/tools/bin/../lib/gcc/arm-none-eabi/9.3.1/thumb/v7-m/nofp\libgcc.a(_arm_cmpsf2.o)
                0x0000000008001020                __gesf2
                0x0000000008001020                __gtsf2
                0x0000000008001028                __lesf2
                0x0000000008001028                __ltsf2
                0x0000000008001030                __nesf2
                0x0000000008001030                __eqsf2
                0x0000000008001030                __cmpsf2
                0x0000000008001090                __aeabi_cfrcmple
                0x0000000008001098                __aeabi_cfcmpeq
                0x0000000008001098                __aeabi_cfcmple
                0x00000000080010a8                __aeabi_fcmpeq
                0x00000000080010bc                __aeabi_fcmplt
                0x00000000080010d0                __aeabi_fcmple
                0x00000000080010e4                __aeabi_fcmpge
                0x00000000080010f8                __aeabi_fcmpgt
 .text          0x000000000800110c       0x4c c:/st/stm32cubeide_1.8.0/stm32cubeide/plugins/com.st.stm32cube.ide.mcu.externaltools.gnu-tools-for-stm32.9-2020-q2-update.win32_2.0.0.202105311346/tools/bin/../lib/gcc/arm-none-eabi/9.3.1/thumb/v7-m/nofp\libgcc.a(_arm_fixsfsi.o)
                0x000000000800110c                __aeabi_f2iz
                0x000000000800110c                __fixsfsi
 .text          0x0000000008001158       0x40 c:/st/stm32cubeide_1.8.0/stm32cubeide/plugins/com.st.stm32cube.ide.mcu.externaltools.gnu-tools-for-stm32.9-2020-q2-update.win32_2.0.0.202105311346/tools/bin/../lib/gcc/arm-none-eabi/9.3.1/thumb/v7-m/nofp\libgcc.a(_arm_fixunssfsi.o)
                0x0000000008001158                __fixunssfsi
                0x0000000008001158                __aeabi_f2uiz
 .text          0x0000000008001198       0x30 c:/st/stm32cubeide_1.8.0/stm32cubeide/plugins/com.st.stm32cube.ide.mcu.externaltools.gnu-tools-for-stm32.9-2020-q2-update.win32_2.0.0.202105311346/tools/bin/../lib/gcc/arm-none-eabi/9.3.1/thumb/v7-m/nofp\libgcc.a(_aeabi_uldivmod.o)
                0x0000000008001198                __aeabi_uldivmod
 .text          0x00000000080011c8      0x2c4 c:/st/stm32cubeide_1.8.0/stm32cubeide/plugins/com.st.stm32cube.ide.mcu.externaltools.gnu-tools-for-stm32.9-2020-q2-update.win32_2.0.0.202105311346/tools/bin/../lib/gcc/arm-none-eabi/9.3.1/thumb/v7-m/nofp\libgcc.a(_udivmoddi4.o)
                0x00000000080011c8                __udivmoddi4
 .text          0x000000000800148c        0x4 c:/st/stm32cubeide_1.8.0/stm32cubeide/plugins/com.st.stm32cube.ide.mcu.externaltools.gnu-tools-for-stm32.9-2020-q2-update.win32_2.0.0.202105311346/tools/bin/../lib/gcc/arm-none-eabi/9.3.1/thumb/v7-m/nofp\libgcc.a(_dvmd_tls.o)
                0x000000000800148c                __aeabi_idiv0
                0x000000000800148c                __aeabi_ldiv0
 *(.text*)
 .text.get_ADC_values
                0x0000000008001490       0x34 ./Core/Src/ADC_driver.o
                0x0000000008001490                get_ADC_values
 .text.getTime  0x00000000080014c4       0x28 ./Core/Src/RTC_driver.o
                0x00000000080014c4                getTime
 .text.setTimeDate
                0x00000000080014ec       0x90 ./Core/Src/RTC_driver.o
                0x00000000080014ec                setTimeDate
 .text.getMedianNum
                0x000000000800157c      0x148 ./Core/Src/TDS_driver.o
                0x000000000800157c                getMedianNum
 .text.fanOn    0x00000000080016c4       0xe0 ./Core/Src/fan_driver.o
                0x00000000080016c4                fanOn
 .text.systemControl
                0x00000000080017a4      0x108 ./Core/Src/hydro_control_loop.o
                0x00000000080017a4                systemControl
 .text.lightOn  0x00000000080018ac       0x24 ./Core/Src/light_driver.o
                0x00000000080018ac                lightOn
 .text.lightOff
                0x00000000080018d0       0x24 ./Core/Src/light_driver.o
                0x00000000080018d0                lightOff
 .text.setLightCyle
                0x00000000080018f4       0x48 ./Core/Src/light_driver.o
                0x00000000080018f4                setLightCyle
 .text.checkLightCycle
                0x000000000800193c       0x68 ./Core/Src/light_driver.o
                0x000000000800193c                checkLightCycle
 .text.main     0x00000000080019a4       0x32 ./Core/Src/main.o
                0x00000000080019a4                main
 .text.SystemClock_Config
                0x00000000080019d6       0xc0 ./Core/Src/main.o
                0x00000000080019d6                SystemClock_Config
 *fill*         0x0000000008001a96        0x2 
 .text.MX_ADC2_Init
                0x0000000008001a98       0xcc ./Core/Src/main.o
 .text.MX_RTC_Init
                0x0000000008001b64      0x124 ./Core/Src/main.o
 .text.MX_TIM1_Init
                0x0000000008001c88      0x158 ./Core/Src/main.o
 .text.MX_TIM2_Init
                0x0000000008001de0       0x98 ./Core/Src/main.o
 .text.MX_TIM4_Init
                0x0000000008001e78       0x9c ./Core/Src/main.o
 .text.MX_TIM10_Init
                0x0000000008001f14       0x9c ./Core/Src/main.o
 .text.MX_TIM12_Init
                0x0000000008001fb0       0x74 ./Core/Src/main.o
 .text.MX_GPIO_Init
                0x0000000008002024      0x148 ./Core/Src/main.o
 .text.Error_Handler
                0x000000000800216c        0xa ./Core/Src/main.o
                0x000000000800216c                Error_Handler
 .text.doseWater
                0x0000000008002176       0x5a ./Core/Src/nutrient_pH_driver.o
                0x0000000008002176                doseWater
 .text.calcPhUpDose
                0x00000000080021d0       0x1e ./Core/Src/nutrient_pH_driver.o
                0x00000000080021d0                calcPhUpDose
 *fill*         0x00000000080021ee        0x2 
 .text.calcPhDownDose
                0x00000000080021f0       0x20 ./Core/Src/nutrient_pH_driver.o
                0x00000000080021f0                calcPhDownDose
 .text.calcNutrientDose
                0x0000000008002210       0x1e ./Core/Src/nutrient_pH_driver.o
                0x0000000008002210                calcNutrientDose
 *fill*         0x000000000800222e        0x2 
 .text.read_voltage
                0x0000000008002230      0x140 ./Core/Src/pH_driver.o
                0x0000000008002230                read_voltage
 .text.convert_ph
                0x0000000008002370      0x2d0 ./Core/Src/pH_driver.o
                0x0000000008002370                convert_ph
 .text.delay_Stepper
                0x0000000008002640       0x30 ./Core/Src/peristaltic_driver.o
                0x0000000008002640                delay_Stepper
 .text.calc_dose_steps
                0x0000000008002670      0x338 ./Core/Src/peristaltic_driver.o
                0x0000000008002670                calc_dose_steps
 .text.disablePumps
                0x00000000080029a8       0x2c ./Core/Src/peristaltic_driver.o
                0x00000000080029a8                disablePumps
 .text.enablePumps
                0x00000000080029d4       0x48 ./Core/Src/peristaltic_driver.o
                0x00000000080029d4                enablePumps
 .text.step     0x0000000008002a1c       0xcc ./Core/Src/peristaltic_driver.o
                0x0000000008002a1c                step
 .text.readWaterTemp
                0x0000000008002ae8       0xd4 ./Core/Src/sensors.o
                0x0000000008002ae8                readWaterTemp
 *fill*         0x0000000008002bbc        0x4 
 .text.readWaterTDS
                0x0000000008002bc0      0x234 ./Core/Src/sensors.o
                0x0000000008002bc0                readWaterTDS
 .text.get_nutrient_ph_value
                0x0000000008002df4       0x34 ./Core/Src/sensors.o
                0x0000000008002df4                get_nutrient_ph_value
 .text.readPH   0x0000000008002e28       0x30 ./Core/Src/sensors.o
                0x0000000008002e28                readPH
 .text.HAL_MspInit
                0x0000000008002e58       0x4c ./Core/Src/stm32f2xx_hal_msp.o
                0x0000000008002e58                HAL_MspInit
 .text.HAL_ADC_MspInit
                0x0000000008002ea4       0x88 ./Core/Src/stm32f2xx_hal_msp.o
                0x0000000008002ea4                HAL_ADC_MspInit
 .text.HAL_RTC_MspInit
                0x0000000008002f2c       0x2c ./Core/Src/stm32f2xx_hal_msp.o
                0x0000000008002f2c                HAL_RTC_MspInit
 .text.HAL_TIM_Base_MspInit
                0x0000000008002f58       0xec ./Core/Src/stm32f2xx_hal_msp.o
                0x0000000008002f58                HAL_TIM_Base_MspInit
 .text.HAL_TIM_MspPostInit
                0x0000000008003044       0xc4 ./Core/Src/stm32f2xx_hal_msp.o
                0x0000000008003044                HAL_TIM_MspPostInit
 .text.NMI_Handler
                0x0000000008003108        0x6 ./Core/Src/stm32f2xx_it.o
                0x0000000008003108                NMI_Handler
 .text.HardFault_Handler
                0x000000000800310e        0x6 ./Core/Src/stm32f2xx_it.o
                0x000000000800310e                HardFault_Handler
 .text.MemManage_Handler
                0x0000000008003114        0x6 ./Core/Src/stm32f2xx_it.o
                0x0000000008003114                MemManage_Handler
 .text.BusFault_Handler
                0x000000000800311a        0x6 ./Core/Src/stm32f2xx_it.o
                0x000000000800311a                BusFault_Handler
 .text.UsageFault_Handler
                0x0000000008003120        0x6 ./Core/Src/stm32f2xx_it.o
                0x0000000008003120                UsageFault_Handler
 .text.SVC_Handler
                0x0000000008003126        0xc ./Core/Src/stm32f2xx_it.o
                0x0000000008003126                SVC_Handler
 .text.DebugMon_Handler
                0x0000000008003132        0xc ./Core/Src/stm32f2xx_it.o
                0x0000000008003132                DebugMon_Handler
 .text.PendSV_Handler
                0x000000000800313e        0xc ./Core/Src/stm32f2xx_it.o
                0x000000000800313e                PendSV_Handler
 .text.SysTick_Handler
                0x000000000800314a        0xc ./Core/Src/stm32f2xx_it.o
                0x000000000800314a                SysTick_Handler
 .text.SystemInit
                0x0000000008003156        0xc ./Core/Src/system_stm32f2xx.o
                0x0000000008003156                SystemInit
 *fill*         0x0000000008003162        0x2 
 .text.DWT_Delay_Init
                0x0000000008003164       0x60 ./Core/Src/water_temp_driver.o
                0x0000000008003164                DWT_Delay_Init
 .text.DWT_Delay_us
                0x00000000080031c4       0x50 ./Core/Src/water_temp_driver.o
                0x00000000080031c4                DWT_Delay_us
 .text.DS18B20_Start
                0x0000000008003214       0x60 ./Core/Src/water_temp_driver.o
                0x0000000008003214                DS18B20_Start
 .text.DS18B20_Write
                0x0000000008003274       0x8c ./Core/Src/water_temp_driver.o
                0x0000000008003274                DS18B20_Write
 .text.DS18B20_Read
                0x0000000008003300       0x7c ./Core/Src/water_temp_driver.o
                0x0000000008003300                DS18B20_Read
 .text.Set_Pin_Output
                0x000000000800337c       0x3c ./Core/Src/water_temp_driver.o
                0x000000000800337c                Set_Pin_Output
 .text.Set_Pin_Input
                0x00000000080033b8       0x3c ./Core/Src/water_temp_driver.o
                0x00000000080033b8                Set_Pin_Input
 .text.Reset_Handler
                0x00000000080033f4       0x50 ./Core/Startup/startup_stm32f207zgtx.o
                0x00000000080033f4                Reset_Handler
 .text.Default_Handler
                0x0000000008003444        0x2 ./Core/Startup/startup_stm32f207zgtx.o
                0x0000000008003444                RTC_Alarm_IRQHandler
                0x0000000008003444                HASH_RNG_IRQHandler
                0x0000000008003444                EXTI2_IRQHandler
                0x0000000008003444                TIM8_CC_IRQHandler
                0x0000000008003444                TIM1_CC_IRQHandler
                0x0000000008003444                DMA2_Stream5_IRQHandler
                0x0000000008003444                DMA1_Stream5_IRQHandler
                0x0000000008003444                PVD_IRQHandler
                0x0000000008003444                SDIO_IRQHandler
                0x0000000008003444                TAMP_STAMP_IRQHandler
                0x0000000008003444                CAN2_RX1_IRQHandler
                0x0000000008003444                EXTI3_IRQHandler
                0x0000000008003444                TIM8_TRG_COM_TIM14_IRQHandler
                0x0000000008003444                TIM1_UP_TIM10_IRQHandler
                0x0000000008003444                TIM8_UP_TIM13_IRQHandler
                0x0000000008003444                I2C3_ER_IRQHandler
                0x0000000008003444                EXTI0_IRQHandler
                0x0000000008003444                I2C2_EV_IRQHandler
                0x0000000008003444                DMA1_Stream2_IRQHandler
                0x0000000008003444                CAN1_RX0_IRQHandler
                0x0000000008003444                OTG_HS_WKUP_IRQHandler
                0x0000000008003444                CAN2_SCE_IRQHandler
                0x0000000008003444                DMA2_Stream2_IRQHandler
                0x0000000008003444                SPI1_IRQHandler
                0x0000000008003444                TIM6_DAC_IRQHandler
                0x0000000008003444                TIM1_BRK_TIM9_IRQHandler
                0x0000000008003444                DCMI_IRQHandler
                0x0000000008003444                CAN2_RX0_IRQHandler
                0x0000000008003444                DMA2_Stream3_IRQHandler
                0x0000000008003444                USART6_IRQHandler
                0x0000000008003444                USART3_IRQHandler
                0x0000000008003444                CAN1_RX1_IRQHandler
                0x0000000008003444                UART5_IRQHandler
                0x0000000008003444                DMA2_Stream0_IRQHandler
                0x0000000008003444                TIM4_IRQHandler
                0x0000000008003444                I2C1_EV_IRQHandler
                0x0000000008003444                DMA1_Stream6_IRQHandler
                0x0000000008003444                DMA1_Stream1_IRQHandler
                0x0000000008003444                UART4_IRQHandler
                0x0000000008003444                TIM3_IRQHandler
                0x0000000008003444                RCC_IRQHandler
                0x0000000008003444                TIM8_BRK_TIM12_IRQHandler
                0x0000000008003444                Default_Handler
                0x0000000008003444                EXTI15_10_IRQHandler
                0x0000000008003444                ADC_IRQHandler
                0x0000000008003444                DMA1_Stream7_IRQHandler
                0x0000000008003444                TIM7_IRQHandler
                0x0000000008003444                CAN2_TX_IRQHandler
                0x0000000008003444                TIM5_IRQHandler
                0x0000000008003444                DMA2_Stream7_IRQHandler
                0x0000000008003444                I2C3_EV_IRQHandler
                0x0000000008003444                EXTI9_5_IRQHandler
                0x0000000008003444                RTC_WKUP_IRQHandler
                0x0000000008003444                ETH_WKUP_IRQHandler
                0x0000000008003444                SPI2_IRQHandler
                0x0000000008003444                OTG_HS_EP1_IN_IRQHandler
                0x0000000008003444                DMA1_Stream0_IRQHandler
                0x0000000008003444                CAN1_TX_IRQHandler
                0x0000000008003444                EXTI4_IRQHandler
                0x0000000008003444                FSMC_IRQHandler
                0x0000000008003444                ETH_IRQHandler
                0x0000000008003444                OTG_HS_EP1_OUT_IRQHandler
                0x0000000008003444                WWDG_IRQHandler
                0x0000000008003444                TIM2_IRQHandler
                0x0000000008003444                OTG_FS_WKUP_IRQHandler
                0x0000000008003444                TIM1_TRG_COM_TIM11_IRQHandler
                0x0000000008003444                OTG_HS_IRQHandler
                0x0000000008003444                EXTI1_IRQHandler
                0x0000000008003444                USART2_IRQHandler
                0x0000000008003444                I2C2_ER_IRQHandler
                0x0000000008003444                DMA2_Stream1_IRQHandler
                0x0000000008003444                CAN1_SCE_IRQHandler
                0x0000000008003444                FLASH_IRQHandler
                0x0000000008003444                DMA2_Stream4_IRQHandler
                0x0000000008003444                USART1_IRQHandler
                0x0000000008003444                OTG_FS_IRQHandler
                0x0000000008003444                SPI3_IRQHandler
                0x0000000008003444                DMA1_Stream4_IRQHandler
                0x0000000008003444                I2C1_ER_IRQHandler
                0x0000000008003444                DMA2_Stream6_IRQHandler
                0x0000000008003444                DMA1_Stream3_IRQHandler
 *fill*         0x0000000008003446        0x2 
 .text.HAL_Init
                0x0000000008003448       0x44 ./Drivers/STM32F2xx_HAL_Driver/Src/stm32f2xx_hal.o
                0x0000000008003448                HAL_Init
 .text.HAL_InitTick
                0x000000000800348c       0x60 ./Drivers/STM32F2xx_HAL_Driver/Src/stm32f2xx_hal.o
                0x000000000800348c                HAL_InitTick
 .text.HAL_IncTick
                0x00000000080034ec       0x24 ./Drivers/STM32F2xx_HAL_Driver/Src/stm32f2xx_hal.o
                0x00000000080034ec                HAL_IncTick
 .text.HAL_GetTick
                0x0000000008003510       0x14 ./Drivers/STM32F2xx_HAL_Driver/Src/stm32f2xx_hal.o
                0x0000000008003510                HAL_GetTick
 .text.HAL_Delay
                0x0000000008003524       0x48 ./Drivers/STM32F2xx_HAL_Driver/Src/stm32f2xx_hal.o
                0x0000000008003524                HAL_Delay
 .text.HAL_ADC_Init
                0x000000000800356c       0x86 ./Drivers/STM32F2xx_HAL_Driver/Src/stm32f2xx_hal_adc.o
                0x000000000800356c                HAL_ADC_Init
 *fill*         0x00000000080035f2        0x2 
 .text.HAL_ADC_Start
                0x00000000080035f4      0x160 ./Drivers/STM32F2xx_HAL_Driver/Src/stm32f2xx_hal_adc.o
                0x00000000080035f4                HAL_ADC_Start
 .text.HAL_ADC_PollForConversion
                0x0000000008003754      0x108 ./Drivers/STM32F2xx_HAL_Driver/Src/stm32f2xx_hal_adc.o
                0x0000000008003754                HAL_ADC_PollForConversion
 .text.HAL_ADC_GetValue
                0x000000000800385c       0x18 ./Drivers/STM32F2xx_HAL_Driver/Src/stm32f2xx_hal_adc.o
                0x000000000800385c                HAL_ADC_GetValue
 .text.HAL_ADC_ConfigChannel
                0x0000000008003874      0x240 ./Drivers/STM32F2xx_HAL_Driver/Src/stm32f2xx_hal_adc.o
                0x0000000008003874                HAL_ADC_ConfigChannel
 .text.ADC_Init
                0x0000000008003ab4      0x20c ./Drivers/STM32F2xx_HAL_Driver/Src/stm32f2xx_hal_adc.o
 .text.__NVIC_SetPriorityGrouping
                0x0000000008003cc0       0x48 ./Drivers/STM32F2xx_HAL_Driver/Src/stm32f2xx_hal_cortex.o
 .text.__NVIC_GetPriorityGrouping
                0x0000000008003d08       0x1c ./Drivers/STM32F2xx_HAL_Driver/Src/stm32f2xx_hal_cortex.o
 .text.__NVIC_SetPriority
                0x0000000008003d24       0x54 ./Drivers/STM32F2xx_HAL_Driver/Src/stm32f2xx_hal_cortex.o
 .text.NVIC_EncodePriority
                0x0000000008003d78       0x64 ./Drivers/STM32F2xx_HAL_Driver/Src/stm32f2xx_hal_cortex.o
 .text.SysTick_Config
                0x0000000008003ddc       0x44 ./Drivers/STM32F2xx_HAL_Driver/Src/stm32f2xx_hal_cortex.o
 .text.HAL_NVIC_SetPriorityGrouping
                0x0000000008003e20       0x16 ./Drivers/STM32F2xx_HAL_Driver/Src/stm32f2xx_hal_cortex.o
                0x0000000008003e20                HAL_NVIC_SetPriorityGrouping
 .text.HAL_NVIC_SetPriority
                0x0000000008003e36       0x38 ./Drivers/STM32F2xx_HAL_Driver/Src/stm32f2xx_hal_cortex.o
                0x0000000008003e36                HAL_NVIC_SetPriority
 .text.HAL_SYSTICK_Config
                0x0000000008003e6e       0x18 ./Drivers/STM32F2xx_HAL_Driver/Src/stm32f2xx_hal_cortex.o
                0x0000000008003e6e                HAL_SYSTICK_Config
 *fill*         0x0000000008003e86        0x2 
 .text.HAL_GPIO_Init
                0x0000000008003e88      0x33c ./Drivers/STM32F2xx_HAL_Driver/Src/stm32f2xx_hal_gpio.o
                0x0000000008003e88                HAL_GPIO_Init
 .text.HAL_GPIO_ReadPin
                0x00000000080041c4       0x2e ./Drivers/STM32F2xx_HAL_Driver/Src/stm32f2xx_hal_gpio.o
                0x00000000080041c4                HAL_GPIO_ReadPin
 .text.HAL_GPIO_WritePin
                0x00000000080041f2       0x30 ./Drivers/STM32F2xx_HAL_Driver/Src/stm32f2xx_hal_gpio.o
                0x00000000080041f2                HAL_GPIO_WritePin
 .text.HAL_GPIO_TogglePin
                0x0000000008004222       0x32 ./Drivers/STM32F2xx_HAL_Driver/Src/stm32f2xx_hal_gpio.o
                0x0000000008004222                HAL_GPIO_TogglePin
 .text.HAL_RCC_OscConfig
                0x0000000008004254      0x4a0 ./Drivers/STM32F2xx_HAL_Driver/Src/stm32f2xx_hal_rcc.o
                0x0000000008004254                HAL_RCC_OscConfig
 .text.HAL_RCC_ClockConfig
                0x00000000080046f4      0x1d8 ./Drivers/STM32F2xx_HAL_Driver/Src/stm32f2xx_hal_rcc.o
                0x00000000080046f4                HAL_RCC_ClockConfig
 .text.HAL_RCC_GetSysClockFreq
                0x00000000080048cc      0x16c ./Drivers/STM32F2xx_HAL_Driver/Src/stm32f2xx_hal_rcc.o
                0x00000000080048cc                HAL_RCC_GetSysClockFreq
 .text.HAL_RCC_GetHCLKFreq
                0x0000000008004a38       0x14 ./Drivers/STM32F2xx_HAL_Driver/Src/stm32f2xx_hal_rcc.o
                0x0000000008004a38                HAL_RCC_GetHCLKFreq
 .text.HAL_RCCEx_PeriphCLKConfig
                0x0000000008004a4c      0x1ec ./Drivers/STM32F2xx_HAL_Driver/Src/stm32f2xx_hal_rcc_ex.o
                0x0000000008004a4c                HAL_RCCEx_PeriphCLKConfig
 .text.HAL_RTC_Init
                0x0000000008004c38      0x114 ./Drivers/STM32F2xx_HAL_Driver/Src/stm32f2xx_hal_rtc.o
                0x0000000008004c38                HAL_RTC_Init
 .text.HAL_RTC_SetTime
                0x0000000008004d4c      0x16c ./Drivers/STM32F2xx_HAL_Driver/Src/stm32f2xx_hal_rtc.o
                0x0000000008004d4c                HAL_RTC_SetTime
 .text.HAL_RTC_GetTime
                0x0000000008004eb8       0xa4 ./Drivers/STM32F2xx_HAL_Driver/Src/stm32f2xx_hal_rtc.o
                0x0000000008004eb8                HAL_RTC_GetTime
 .text.HAL_RTC_SetDate
                0x0000000008004f5c      0x140 ./Drivers/STM32F2xx_HAL_Driver/Src/stm32f2xx_hal_rtc.o
                0x0000000008004f5c                HAL_RTC_SetDate
 .text.HAL_RTC_GetDate
                0x000000000800509c       0x9e ./Drivers/STM32F2xx_HAL_Driver/Src/stm32f2xx_hal_rtc.o
                0x000000000800509c                HAL_RTC_GetDate
 .text.HAL_RTC_SetAlarm
                0x000000000800513a      0x20c ./Drivers/STM32F2xx_HAL_Driver/Src/stm32f2xx_hal_rtc.o
                0x000000000800513a                HAL_RTC_SetAlarm
 .text.HAL_RTC_WaitForSynchro
                0x0000000008005346       0x50 ./Drivers/STM32F2xx_HAL_Driver/Src/stm32f2xx_hal_rtc.o
                0x0000000008005346                HAL_RTC_WaitForSynchro
 .text.RTC_EnterInitMode
                0x0000000008005396       0x58 ./Drivers/STM32F2xx_HAL_Driver/Src/stm32f2xx_hal_rtc.o
                0x0000000008005396                RTC_EnterInitMode
 .text.RTC_ByteToBcd2
                0x00000000080053ee       0x3a ./Drivers/STM32F2xx_HAL_Driver/Src/stm32f2xx_hal_rtc.o
                0x00000000080053ee                RTC_ByteToBcd2
 .text.RTC_Bcd2ToByte
                0x0000000008005428       0x3a ./Drivers/STM32F2xx_HAL_Driver/Src/stm32f2xx_hal_rtc.o
                0x0000000008005428                RTC_Bcd2ToByte
 .text.HAL_RTCEx_SetWakeUpTimer
                0x0000000008005462      0x128 ./Drivers/STM32F2xx_HAL_Driver/Src/stm32f2xx_hal_rtc_ex.o
                0x0000000008005462                HAL_RTCEx_SetWakeUpTimer
 .text.HAL_TIM_Base_Init
                0x000000000800558a       0x9e ./Drivers/STM32F2xx_HAL_Driver/Src/stm32f2xx_hal_tim.o
                0x000000000800558a                HAL_TIM_Base_Init
 .text.HAL_TIM_Base_Start
                0x0000000008005628       0xcc ./Drivers/STM32F2xx_HAL_Driver/Src/stm32f2xx_hal_tim.o
                0x0000000008005628                HAL_TIM_Base_Start
 .text.HAL_TIM_PWM_Init
                0x00000000080056f4       0x9e ./Drivers/STM32F2xx_HAL_Driver/Src/stm32f2xx_hal_tim.o
                0x00000000080056f4                HAL_TIM_PWM_Init
 .text.HAL_TIM_PWM_MspInit
                0x0000000008005792       0x12 ./Drivers/STM32F2xx_HAL_Driver/Src/stm32f2xx_hal_tim.o
                0x0000000008005792                HAL_TIM_PWM_MspInit
 .text.HAL_TIM_PWM_Start
                0x00000000080057a4      0x190 ./Drivers/STM32F2xx_HAL_Driver/Src/stm32f2xx_hal_tim.o
                0x00000000080057a4                HAL_TIM_PWM_Start
 .text.HAL_TIM_PWM_ConfigChannel
                0x0000000008005934      0x17c ./Drivers/STM32F2xx_HAL_Driver/Src/stm32f2xx_hal_tim.o
                0x0000000008005934                HAL_TIM_PWM_ConfigChannel
 .text.HAL_TIM_ConfigClockSource
                0x0000000008005ab0      0x188 ./Drivers/STM32F2xx_HAL_Driver/Src/stm32f2xx_hal_tim.o
                0x0000000008005ab0                HAL_TIM_ConfigClockSource
 .text.TIM_Base_SetConfig
                0x0000000008005c38      0x13c ./Drivers/STM32F2xx_HAL_Driver/Src/stm32f2xx_hal_tim.o
                0x0000000008005c38                TIM_Base_SetConfig
 .text.TIM_OC1_SetConfig
                0x0000000008005d74       0xe0 ./Drivers/STM32F2xx_HAL_Driver/Src/stm32f2xx_hal_tim.o
 .text.TIM_OC2_SetConfig
                0x0000000008005e54       0xe8 ./Drivers/STM32F2xx_HAL_Driver/Src/stm32f2xx_hal_tim.o
                0x0000000008005e54                TIM_OC2_SetConfig
 .text.TIM_OC3_SetConfig
                0x0000000008005f3c       0xe8 ./Drivers/STM32F2xx_HAL_Driver/Src/stm32f2xx_hal_tim.o
 .text.TIM_OC4_SetConfig
                0x0000000008006024       0xa8 ./Drivers/STM32F2xx_HAL_Driver/Src/stm32f2xx_hal_tim.o
 .text.TIM_TI1_ConfigInputStage
                0x00000000080060cc       0x5c ./Drivers/STM32F2xx_HAL_Driver/Src/stm32f2xx_hal_tim.o
 .text.TIM_TI2_ConfigInputStage
                0x0000000008006128       0x5e ./Drivers/STM32F2xx_HAL_Driver/Src/stm32f2xx_hal_tim.o
 .text.TIM_ITRx_SetConfig
                0x0000000008006186       0x34 ./Drivers/STM32F2xx_HAL_Driver/Src/stm32f2xx_hal_tim.o
 .text.TIM_ETR_SetConfig
                0x00000000080061ba       0x3e ./Drivers/STM32F2xx_HAL_Driver/Src/stm32f2xx_hal_tim.o
                0x00000000080061ba                TIM_ETR_SetConfig
 .text.TIM_CCxChannelCmd
                0x00000000080061f8       0x48 ./Drivers/STM32F2xx_HAL_Driver/Src/stm32f2xx_hal_tim.o
                0x00000000080061f8                TIM_CCxChannelCmd
 .text.HAL_TIMEx_MasterConfigSynchronization
                0x0000000008006240       0xf4 ./Drivers/STM32F2xx_HAL_Driver/Src/stm32f2xx_hal_tim_ex.o
                0x0000000008006240                HAL_TIMEx_MasterConfigSynchronization
 .text.HAL_TIMEx_ConfigBreakDeadTime
                0x0000000008006334       0xa2 ./Drivers/STM32F2xx_HAL_Driver/Src/stm32f2xx_hal_tim_ex.o
                0x0000000008006334                HAL_TIMEx_ConfigBreakDeadTime
 *fill*         0x00000000080063d6        0x2 
 .text.__libc_init_array
                0x00000000080063d8       0x48 c:/st/stm32cubeide_1.8.0/stm32cubeide/plugins/com.st.stm32cube.ide.mcu.externaltools.gnu-tools-for-stm32.9-2020-q2-update.win32_2.0.0.202105311346/tools/bin/../lib/gcc/arm-none-eabi/9.3.1/../../../../arm-none-eabi/lib/thumb/v7-m/nofp\libc_nano.a(lib_a-init.o)
                0x00000000080063d8                __libc_init_array
 .text.memset   0x0000000008006420       0x10 c:/st/stm32cubeide_1.8.0/stm32cubeide/plugins/com.st.stm32cube.ide.mcu.externaltools.gnu-tools-for-stm32.9-2020-q2-update.win32_2.0.0.202105311346/tools/bin/../lib/gcc/arm-none-eabi/9.3.1/../../../../arm-none-eabi/lib/thumb/v7-m/nofp\libc_nano.a(lib_a-memset.o)
                0x0000000008006420                memset
 *(.glue_7)
 .glue_7        0x0000000008006430        0x0 linker stubs
 *(.glue_7t)
 .glue_7t       0x0000000008006430        0x0 linker stubs
 *(.eh_frame)
 .eh_frame      0x0000000008006430        0x0 c:/st/stm32cubeide_1.8.0/stm32cubeide/plugins/com.st.stm32cube.ide.mcu.externaltools.gnu-tools-for-stm32.9-2020-q2-update.win32_2.0.0.202105311346/tools/bin/../lib/gcc/arm-none-eabi/9.3.1/thumb/v7-m/nofp/crtbegin.o
 *(.init)
 .init          0x0000000008006430        0x4 c:/st/stm32cubeide_1.8.0/stm32cubeide/plugins/com.st.stm32cube.ide.mcu.externaltools.gnu-tools-for-stm32.9-2020-q2-update.win32_2.0.0.202105311346/tools/bin/../lib/gcc/arm-none-eabi/9.3.1/thumb/v7-m/nofp/crti.o
                0x0000000008006430                _init
 .init          0x0000000008006434        0x8 c:/st/stm32cubeide_1.8.0/stm32cubeide/plugins/com.st.stm32cube.ide.mcu.externaltools.gnu-tools-for-stm32.9-2020-q2-update.win32_2.0.0.202105311346/tools/bin/../lib/gcc/arm-none-eabi/9.3.1/thumb/v7-m/nofp/crtn.o
 *(.fini)
 .fini          0x000000000800643c        0x4 c:/st/stm32cubeide_1.8.0/stm32cubeide/plugins/com.st.stm32cube.ide.mcu.externaltools.gnu-tools-for-stm32.9-2020-q2-update.win32_2.0.0.202105311346/tools/bin/../lib/gcc/arm-none-eabi/9.3.1/thumb/v7-m/nofp/crti.o
                0x000000000800643c                _fini
 .fini          0x0000000008006440        0x8 c:/st/stm32cubeide_1.8.0/stm32cubeide/plugins/com.st.stm32cube.ide.mcu.externaltools.gnu-tools-for-stm32.9-2020-q2-update.win32_2.0.0.202105311346/tools/bin/../lib/gcc/arm-none-eabi/9.3.1/thumb/v7-m/nofp/crtn.o
                0x0000000008006448                . = ALIGN (0x4)
                0x0000000008006448                _etext = .

.vfp11_veneer   0x0000000008006448        0x0
 .vfp11_veneer  0x0000000008006448        0x0 linker stubs

.v4_bx          0x0000000008006448        0x0
 .v4_bx         0x0000000008006448        0x0 linker stubs

.iplt           0x0000000008006448        0x0
 .iplt          0x0000000008006448        0x0 c:/st/stm32cubeide_1.8.0/stm32cubeide/plugins/com.st.stm32cube.ide.mcu.externaltools.gnu-tools-for-stm32.9-2020-q2-update.win32_2.0.0.202105311346/tools/bin/../lib/gcc/arm-none-eabi/9.3.1/thumb/v7-m/nofp/crtbegin.o

.rodata         0x0000000008006448       0x10
                0x0000000008006448                . = ALIGN (0x4)
 *(.rodata)
 *(.rodata*)
 .rodata.AHBPrescTable
                0x0000000008006448       0x10 ./Core/Src/system_stm32f2xx.o
                0x0000000008006448                AHBPrescTable
                0x0000000008006458                . = ALIGN (0x4)

.ARM.extab      0x0000000008006458        0x0
                0x0000000008006458                . = ALIGN (0x4)
 *(.ARM.extab* .gnu.linkonce.armextab.*)
                0x0000000008006458                . = ALIGN (0x4)

.ARM            0x0000000008006458        0x8
                0x0000000008006458                . = ALIGN (0x4)
                0x0000000008006458                __exidx_start = .
 *(.ARM.exidx*)
 .ARM.exidx     0x0000000008006458        0x8 c:/st/stm32cubeide_1.8.0/stm32cubeide/plugins/com.st.stm32cube.ide.mcu.externaltools.gnu-tools-for-stm32.9-2020-q2-update.win32_2.0.0.202105311346/tools/bin/../lib/gcc/arm-none-eabi/9.3.1/thumb/v7-m/nofp\libgcc.a(_udivmoddi4.o)
                0x0000000008006460                __exidx_end = .
                0x0000000008006460                . = ALIGN (0x4)

.rel.dyn        0x0000000008006460        0x0
 .rel.iplt      0x0000000008006460        0x0 c:/st/stm32cubeide_1.8.0/stm32cubeide/plugins/com.st.stm32cube.ide.mcu.externaltools.gnu-tools-for-stm32.9-2020-q2-update.win32_2.0.0.202105311346/tools/bin/../lib/gcc/arm-none-eabi/9.3.1/thumb/v7-m/nofp/crtbegin.o

.preinit_array  0x0000000008006460        0x0
                0x0000000008006460                . = ALIGN (0x4)
                0x0000000008006460                PROVIDE (__preinit_array_start = .)
 *(.preinit_array*)
                0x0000000008006460                PROVIDE (__preinit_array_end = .)
                0x0000000008006460                . = ALIGN (0x4)

.init_array     0x0000000008006460        0x4
                0x0000000008006460                . = ALIGN (0x4)
                0x0000000008006460                PROVIDE (__init_array_start = .)
 *(SORT_BY_NAME(.init_array.*))
 *(.init_array*)
 .init_array    0x0000000008006460        0x4 c:/st/stm32cubeide_1.8.0/stm32cubeide/plugins/com.st.stm32cube.ide.mcu.externaltools.gnu-tools-for-stm32.9-2020-q2-update.win32_2.0.0.202105311346/tools/bin/../lib/gcc/arm-none-eabi/9.3.1/thumb/v7-m/nofp/crtbegin.o
                0x0000000008006464                PROVIDE (__init_array_end = .)
                0x0000000008006464                . = ALIGN (0x4)

.fini_array     0x0000000008006464        0x4
                0x0000000008006464                . = ALIGN (0x4)
                [!provide]                        PROVIDE (__fini_array_start = .)
 *(SORT_BY_NAME(.fini_array.*))
 *(.fini_array*)
 .fini_array    0x0000000008006464        0x4 c:/st/stm32cubeide_1.8.0/stm32cubeide/plugins/com.st.stm32cube.ide.mcu.externaltools.gnu-tools-for-stm32.9-2020-q2-update.win32_2.0.0.202105311346/tools/bin/../lib/gcc/arm-none-eabi/9.3.1/thumb/v7-m/nofp/crtbegin.o
                [!provide]                        PROVIDE (__fini_array_end = .)
                0x0000000008006468                . = ALIGN (0x4)
                0x0000000008006468                _sidata = LOADADDR (.data)

.data           0x0000000020000000       0x24 load address 0x0000000008006468
                0x0000000020000000                . = ALIGN (0x4)
                0x0000000020000000                _sdata = .
 *(.data)
 *(.data*)
 .data.system_fan_sp
                0x0000000020000000        0x4 ./Core/Src/fan_driver.o
                0x0000000020000000                system_fan_sp
 .data.plant_fan_sp
                0x0000000020000004        0x4 ./Core/Src/fan_driver.o
                0x0000000020000004                plant_fan_sp
 .data.heat_cool_fan_sp
                0x0000000020000008        0x4 ./Core/Src/fan_driver.o
                0x0000000020000008                heat_cool_fan_sp
 .data.pH_low_cal
                0x000000002000000c        0x4 ./Core/Src/pH_driver.o
                0x000000002000000c                pH_low_cal
 .data.pH_mid_cal
                0x0000000020000010        0x4 ./Core/Src/pH_driver.o
                0x0000000020000010                pH_mid_cal
 .data.temperature
                0x0000000020000014        0x4 ./Core/Src/sensors.o
                0x0000000020000014                temperature
 .data.SystemCoreClock
                0x0000000020000018        0x4 ./Core/Src/system_stm32f2xx.o
                0x0000000020000018                SystemCoreClock
 .data.uwTickPrio
                0x000000002000001c        0x4 ./Drivers/STM32F2xx_HAL_Driver/Src/stm32f2xx_hal.o
                0x000000002000001c                uwTickPrio
 .data.uwTickFreq
                0x0000000020000020        0x1 ./Drivers/STM32F2xx_HAL_Driver/Src/stm32f2xx_hal.o
                0x0000000020000020                uwTickFreq
 *(.RamFunc)
 *(.RamFunc*)
                0x0000000020000024                . = ALIGN (0x4)
 *fill*         0x0000000020000021        0x3 
                0x0000000020000024                _edata = .

.igot.plt       0x0000000020000024        0x0 load address 0x000000000800648c
 .igot.plt      0x0000000020000024        0x0 c:/st/stm32cubeide_1.8.0/stm32cubeide/plugins/com.st.stm32cube.ide.mcu.externaltools.gnu-tools-for-stm32.9-2020-q2-update.win32_2.0.0.202105311346/tools/bin/../lib/gcc/arm-none-eabi/9.3.1/thumb/v7-m/nofp/crtbegin.o
                0x0000000020000024                . = ALIGN (0x4)

.bss            0x0000000020000028      0x424 load address 0x000000000800648c
                0x0000000020000028                _sbss = .
                0x0000000020000028                __bss_start__ = _sbss
 *(.bss)
 .bss           0x0000000020000028       0x1c c:/st/stm32cubeide_1.8.0/stm32cubeide/plugins/com.st.stm32cube.ide.mcu.externaltools.gnu-tools-for-stm32.9-2020-q2-update.win32_2.0.0.202105311346/tools/bin/../lib/gcc/arm-none-eabi/9.3.1/thumb/v7-m/nofp/crtbegin.o
 *(.bss*)
 *fill*         0x0000000020000044        0x4 
 .bss.pH_up_dose
                0x0000000020000048        0x8 ./Core/Src/hydro_control_loop.o
                0x0000000020000048                pH_up_dose
 .bss.pH_down_dose
                0x0000000020000050        0x8 ./Core/Src/hydro_control_loop.o
                0x0000000020000050                pH_down_dose
 .bss.nutrient_dose
                0x0000000020000058        0x8 ./Core/Src/hydro_control_loop.o
                0x0000000020000058                nutrient_dose
 .bss.water_temp
                0x0000000020000060        0x4 ./Core/Src/hydro_control_loop.o
                0x0000000020000060                water_temp
 .bss.TDS       0x0000000020000064        0x4 ./Core/Src/hydro_control_loop.o
                0x0000000020000064                TDS
 .bss.pH        0x0000000020000068        0x4 ./Core/Src/hydro_control_loop.o
                0x0000000020000068                pH
 .bss.light_on_time
                0x000000002000006c        0xc ./Core/Src/light_driver.o
                0x000000002000006c                light_on_time
 .bss.light_off_time
                0x0000000020000078        0xc ./Core/Src/light_driver.o
                0x0000000020000078                light_off_time
 .bss.day_or_night
                0x0000000020000084        0x4 ./Core/Src/light_driver.o
                0x0000000020000084                day_or_night
 .bss.sTime     0x0000000020000088        0xc ./Core/Src/main.o
                0x0000000020000088                sTime
 .bss.sDate     0x0000000020000094        0x4 ./Core/Src/main.o
                0x0000000020000094                sDate
 .bss.nutrient_ph_values
                0x0000000020000098        0x8 ./Core/Src/main.o
                0x0000000020000098                nutrient_ph_values
 .bss.ph_Value  0x00000000200000a0        0x4 ./Core/Src/pH_driver.o
                0x00000000200000a0                ph_Value
 .bss.phAverage
                0x00000000200000a4        0x4 ./Core/Src/pH_driver.o
                0x00000000200000a4                phAverage
 .bss.j         0x00000000200000a8        0x4 ./Core/Src/pH_driver.o
                0x00000000200000a8                j
 *fill*         0x00000000200000ac        0x4 
 .bss.steps     0x00000000200000b0        0x8 ./Core/Src/peristaltic_driver.o
                0x00000000200000b0                steps
 .bss.Presence  0x00000000200000b8        0x1 ./Core/Src/sensors.o
                0x00000000200000b8                Presence
 *fill*         0x00000000200000b9        0x7 
 .bss.Temperature
                0x00000000200000c0        0x8 ./Core/Src/sensors.o
                0x00000000200000c0                Temperature
 .bss.copyIndex
                0x00000000200000c8        0x4 ./Core/Src/sensors.o
                0x00000000200000c8                copyIndex
 .bss.averageVoltage
                0x00000000200000cc        0x4 ./Core/Src/sensors.o
                0x00000000200000cc                averageVoltage
 .bss.tdsValue  0x00000000200000d0        0x4 ./Core/Src/sensors.o
                0x00000000200000d0                tdsValue
 .bss.compensationCoefficient
                0x00000000200000d4        0x4 ./Core/Src/sensors.o
                0x00000000200000d4                compensationCoefficient
 .bss.compensationVolatge
                0x00000000200000d8        0x4 ./Core/Src/sensors.o
                0x00000000200000d8                compensationVolatge
 .bss.ph_value  0x00000000200000dc        0x4 ./Core/Src/sensors.o
                0x00000000200000dc                ph_value
 *(COMMON)
 COMMON         0x00000000200000e0      0x1e4 ./Core/Src/main.o
                0x00000000200000e0                htim4
                0x0000000020000128                hadc2
                0x0000000020000170                htim10
                0x00000000200001b8                hrtc
                0x00000000200001d8                GPIO_InitStruct
                0x00000000200001ec                htim1
                0x0000000020000234                htim2
                0x000000002000027c                htim12
 COMMON         0x00000000200002c4       0x84 ./Core/Src/pH_driver.o
                0x00000000200002c4                voltage_mV
                0x00000000200002c8                phBuffer
                0x0000000020000340                mili_Voltage
                0x0000000020000344                value
 COMMON         0x0000000020000348       0xfd ./Core/Src/sensors.o
                0x0000000020000348                TEMP
                0x000000002000034c                nutrientBuffer
                0x00000000200003c4                Temp_byte1
                0x00000000200003c8                mili_voltage
                0x00000000200003cc                analogBufferTemp
                0x0000000020000444                Temp_byte2
 *fill*         0x0000000020000445        0x3 
 COMMON         0x0000000020000448        0x4 ./Drivers/STM32F2xx_HAL_Driver/Src/stm32f2xx_hal.o
                0x0000000020000448                uwTick
                0x000000002000044c                . = ALIGN (0x4)
                0x000000002000044c                _ebss = .
                0x000000002000044c                __bss_end__ = _ebss

._user_heap_stack
                0x000000002000044c      0x604 load address 0x000000000800648c
                0x0000000020000450                . = ALIGN (0x8)
 *fill*         0x000000002000044c        0x4 
                [!provide]                        PROVIDE (end = .)
                0x0000000020000450                PROVIDE (_end = .)
                0x0000000020000650                . = (. + _Min_Heap_Size)
 *fill*         0x0000000020000450      0x200 
                0x0000000020000a50                . = (. + _Min_Stack_Size)
 *fill*         0x0000000020000650      0x400 
                0x0000000020000a50                . = ALIGN (0x8)

/DISCARD/
 libc.a(*)
 libm.a(*)
 libgcc.a(*)

.ARM.attributes
                0x0000000000000000       0x29
 *(.ARM.attributes)
 .ARM.attributes
                0x0000000000000000       0x1d c:/st/stm32cubeide_1.8.0/stm32cubeide/plugins/com.st.stm32cube.ide.mcu.externaltools.gnu-tools-for-stm32.9-2020-q2-update.win32_2.0.0.202105311346/tools/bin/../lib/gcc/arm-none-eabi/9.3.1/thumb/v7-m/nofp/crti.o
 .ARM.attributes
                0x000000000000001d       0x2d c:/st/stm32cubeide_1.8.0/stm32cubeide/plugins/com.st.stm32cube.ide.mcu.externaltools.gnu-tools-for-stm32.9-2020-q2-update.win32_2.0.0.202105311346/tools/bin/../lib/gcc/arm-none-eabi/9.3.1/thumb/v7-m/nofp/crtbegin.o
 .ARM.attributes
                0x000000000000004a       0x2d ./Core/Src/ADC_driver.o
 .ARM.attributes
                0x0000000000000077       0x2d ./Core/Src/RTC_driver.o
 .ARM.attributes
                0x00000000000000a4       0x2d ./Core/Src/TDS_driver.o
 .ARM.attributes
                0x00000000000000d1       0x2d ./Core/Src/fan_driver.o
 .ARM.attributes
                0x00000000000000fe       0x2d ./Core/Src/hydro_control_loop.o
 .ARM.attributes
                0x000000000000012b       0x2d ./Core/Src/light_driver.o
 .ARM.attributes
                0x0000000000000158       0x2d ./Core/Src/main.o
 .ARM.attributes
                0x0000000000000185       0x2d ./Core/Src/nutrient_pH_driver.o
 .ARM.attributes
                0x00000000000001b2       0x2d ./Core/Src/pH_driver.o
 .ARM.attributes
                0x00000000000001df       0x2d ./Core/Src/peristaltic_driver.o
 .ARM.attributes
                0x000000000000020c       0x2d ./Core/Src/sensors.o
 .ARM.attributes
                0x0000000000000239       0x2d ./Core/Src/stm32f2xx_hal_msp.o
 .ARM.attributes
                0x0000000000000266       0x2d ./Core/Src/stm32f2xx_it.o
 .ARM.attributes
                0x0000000000000293       0x2d ./Core/Src/system_stm32f2xx.o
 .ARM.attributes
                0x00000000000002c0       0x2d ./Core/Src/water_temp_driver.o
 .ARM.attributes
                0x00000000000002ed       0x21 ./Core/Startup/startup_stm32f207zgtx.o
 .ARM.attributes
                0x000000000000030e       0x2d ./Drivers/STM32F2xx_HAL_Driver/Src/stm32f2xx_hal.o
 .ARM.attributes
                0x000000000000033b       0x2d ./Drivers/STM32F2xx_HAL_Driver/Src/stm32f2xx_hal_adc.o
 .ARM.attributes
                0x0000000000000368       0x2d ./Drivers/STM32F2xx_HAL_Driver/Src/stm32f2xx_hal_cortex.o
 .ARM.attributes
                0x0000000000000395       0x2d ./Drivers/STM32F2xx_HAL_Driver/Src/stm32f2xx_hal_gpio.o
 .ARM.attributes
                0x00000000000003c2       0x2d ./Drivers/STM32F2xx_HAL_Driver/Src/stm32f2xx_hal_rcc.o
 .ARM.attributes
                0x00000000000003ef       0x2d ./Drivers/STM32F2xx_HAL_Driver/Src/stm32f2xx_hal_rcc_ex.o
 .ARM.attributes
                0x000000000000041c       0x2d ./Drivers/STM32F2xx_HAL_Driver/Src/stm32f2xx_hal_rtc.o
 .ARM.attributes
                0x0000000000000449       0x2d ./Drivers/STM32F2xx_HAL_Driver/Src/stm32f2xx_hal_rtc_ex.o
 .ARM.attributes
                0x0000000000000476       0x2d ./Drivers/STM32F2xx_HAL_Driver/Src/stm32f2xx_hal_tim.o
 .ARM.attributes
                0x00000000000004a3       0x2d ./Drivers/STM32F2xx_HAL_Driver/Src/stm32f2xx_hal_tim_ex.o
 .ARM.attributes
                0x00000000000004d0       0x2d c:/st/stm32cubeide_1.8.0/stm32cubeide/plugins/com.st.stm32cube.ide.mcu.externaltools.gnu-tools-for-stm32.9-2020-q2-update.win32_2.0.0.202105311346/tools/bin/../lib/gcc/arm-none-eabi/9.3.1/../../../../arm-none-eabi/lib/thumb/v7-m/nofp\libc_nano.a(lib_a-init.o)
 .ARM.attributes
                0x00000000000004fd       0x2d c:/st/stm32cubeide_1.8.0/stm32cubeide/plugins/com.st.stm32cube.ide.mcu.externaltools.gnu-tools-for-stm32.9-2020-q2-update.win32_2.0.0.202105311346/tools/bin/../lib/gcc/arm-none-eabi/9.3.1/../../../../arm-none-eabi/lib/thumb/v7-m/nofp\libc_nano.a(lib_a-memset.o)
 .ARM.attributes
                0x000000000000052a       0x1d c:/st/stm32cubeide_1.8.0/stm32cubeide/plugins/com.st.stm32cube.ide.mcu.externaltools.gnu-tools-for-stm32.9-2020-q2-update.win32_2.0.0.202105311346/tools/bin/../lib/gcc/arm-none-eabi/9.3.1/thumb/v7-m/nofp\libgcc.a(_arm_addsubdf3.o)
 .ARM.attributes
                0x0000000000000547       0x1d c:/st/stm32cubeide_1.8.0/stm32cubeide/plugins/com.st.stm32cube.ide.mcu.externaltools.gnu-tools-for-stm32.9-2020-q2-update.win32_2.0.0.202105311346/tools/bin/../lib/gcc/arm-none-eabi/9.3.1/thumb/v7-m/nofp\libgcc.a(_arm_muldivdf3.o)
 .ARM.attributes
                0x0000000000000564       0x1d c:/st/stm32cubeide_1.8.0/stm32cubeide/plugins/com.st.stm32cube.ide.mcu.externaltools.gnu-tools-for-stm32.9-2020-q2-update.win32_2.0.0.202105311346/tools/bin/../lib/gcc/arm-none-eabi/9.3.1/thumb/v7-m/nofp\libgcc.a(_arm_cmpdf2.o)
 .ARM.attributes
                0x0000000000000581       0x1d c:/st/stm32cubeide_1.8.0/stm32cubeide/plugins/com.st.stm32cube.ide.mcu.externaltools.gnu-tools-for-stm32.9-2020-q2-update.win32_2.0.0.202105311346/tools/bin/../lib/gcc/arm-none-eabi/9.3.1/thumb/v7-m/nofp\libgcc.a(_arm_fixdfsi.o)
 .ARM.attributes
                0x000000000000059e       0x1d c:/st/stm32cubeide_1.8.0/stm32cubeide/plugins/com.st.stm32cube.ide.mcu.externaltools.gnu-tools-for-stm32.9-2020-q2-update.win32_2.0.0.202105311346/tools/bin/../lib/gcc/arm-none-eabi/9.3.1/thumb/v7-m/nofp\libgcc.a(_arm_truncdfsf2.o)
 .ARM.attributes
                0x00000000000005bb       0x1d c:/st/stm32cubeide_1.8.0/stm32cubeide/plugins/com.st.stm32cube.ide.mcu.externaltools.gnu-tools-for-stm32.9-2020-q2-update.win32_2.0.0.202105311346/tools/bin/../lib/gcc/arm-none-eabi/9.3.1/thumb/v7-m/nofp\libgcc.a(_arm_addsubsf3.o)
 .ARM.attributes
                0x00000000000005d8       0x1d c:/st/stm32cubeide_1.8.0/stm32cubeide/plugins/com.st.stm32cube.ide.mcu.externaltools.gnu-tools-for-stm32.9-2020-q2-update.win32_2.0.0.202105311346/tools/bin/../lib/gcc/arm-none-eabi/9.3.1/thumb/v7-m/nofp\libgcc.a(_arm_muldivsf3.o)
 .ARM.attributes
                0x00000000000005f5       0x1d c:/st/stm32cubeide_1.8.0/stm32cubeide/plugins/com.st.stm32cube.ide.mcu.externaltools.gnu-tools-for-stm32.9-2020-q2-update.win32_2.0.0.202105311346/tools/bin/../lib/gcc/arm-none-eabi/9.3.1/thumb/v7-m/nofp\libgcc.a(_arm_cmpsf2.o)
 .ARM.attributes
                0x0000000000000612       0x1d c:/st/stm32cubeide_1.8.0/stm32cubeide/plugins/com.st.stm32cube.ide.mcu.externaltools.gnu-tools-for-stm32.9-2020-q2-update.win32_2.0.0.202105311346/tools/bin/../lib/gcc/arm-none-eabi/9.3.1/thumb/v7-m/nofp\libgcc.a(_arm_fixsfsi.o)
 .ARM.attributes
                0x000000000000062f       0x1d c:/st/stm32cubeide_1.8.0/stm32cubeide/plugins/com.st.stm32cube.ide.mcu.externaltools.gnu-tools-for-stm32.9-2020-q2-update.win32_2.0.0.202105311346/tools/bin/../lib/gcc/arm-none-eabi/9.3.1/thumb/v7-m/nofp\libgcc.a(_arm_fixunssfsi.o)
 .ARM.attributes
                0x000000000000064c       0x1d c:/st/stm32cubeide_1.8.0/stm32cubeide/plugins/com.st.stm32cube.ide.mcu.externaltools.gnu-tools-for-stm32.9-2020-q2-update.win32_2.0.0.202105311346/tools/bin/../lib/gcc/arm-none-eabi/9.3.1/thumb/v7-m/nofp\libgcc.a(_aeabi_uldivmod.o)
 .ARM.attributes
                0x0000000000000669       0x2d c:/st/stm32cubeide_1.8.0/stm32cubeide/plugins/com.st.stm32cube.ide.mcu.externaltools.gnu-tools-for-stm32.9-2020-q2-update.win32_2.0.0.202105311346/tools/bin/../lib/gcc/arm-none-eabi/9.3.1/thumb/v7-m/nofp\libgcc.a(_udivmoddi4.o)
 .ARM.attributes
                0x0000000000000696       0x1d c:/st/stm32cubeide_1.8.0/stm32cubeide/plugins/com.st.stm32cube.ide.mcu.externaltools.gnu-tools-for-stm32.9-2020-q2-update.win32_2.0.0.202105311346/tools/bin/../lib/gcc/arm-none-eabi/9.3.1/thumb/v7-m/nofp\libgcc.a(_dvmd_tls.o)
 .ARM.attributes
                0x00000000000006b3       0x1d c:/st/stm32cubeide_1.8.0/stm32cubeide/plugins/com.st.stm32cube.ide.mcu.externaltools.gnu-tools-for-stm32.9-2020-q2-update.win32_2.0.0.202105311346/tools/bin/../lib/gcc/arm-none-eabi/9.3.1/thumb/v7-m/nofp/crtn.o
OUTPUT(hydro_firmware.elf elf32-littlearm)
LOAD linker stubs
LOAD c:/st/stm32cubeide_1.8.0/stm32cubeide/plugins/com.st.stm32cube.ide.mcu.externaltools.gnu-tools-for-stm32.9-2020-q2-update.win32_2.0.0.202105311346/tools/bin/../lib/gcc/arm-none-eabi/9.3.1/../../../../arm-none-eabi/lib/thumb/v7-m/nofp\libc.a
LOAD c:/st/stm32cubeide_1.8.0/stm32cubeide/plugins/com.st.stm32cube.ide.mcu.externaltools.gnu-tools-for-stm32.9-2020-q2-update.win32_2.0.0.202105311346/tools/bin/../lib/gcc/arm-none-eabi/9.3.1/../../../../arm-none-eabi/lib/thumb/v7-m/nofp\libm.a
LOAD c:/st/stm32cubeide_1.8.0/stm32cubeide/plugins/com.st.stm32cube.ide.mcu.externaltools.gnu-tools-for-stm32.9-2020-q2-update.win32_2.0.0.202105311346/tools/bin/../lib/gcc/arm-none-eabi/9.3.1/thumb/v7-m/nofp\libgcc.a

.debug_info     0x0000000000000000    0x19917
 .debug_info    0x0000000000000000      0xf25 ./Core/Src/ADC_driver.o
 .debug_info    0x0000000000000f25      0xfaa ./Core/Src/RTC_driver.o
 .debug_info    0x0000000000001ecf      0xf9d ./Core/Src/TDS_driver.o
 .debug_info    0x0000000000002e6c      0xf99 ./Core/Src/fan_driver.o
 .debug_info    0x0000000000003e05      0xfe9 ./Core/Src/hydro_control_loop.o
 .debug_info    0x0000000000004dee     0x10bd ./Core/Src/light_driver.o
 .debug_info    0x0000000000005eab     0x18c9 ./Core/Src/main.o
 .debug_info    0x0000000000007774     0x1017 ./Core/Src/nutrient_pH_driver.o
 .debug_info    0x000000000000878b     0x111d ./Core/Src/pH_driver.o
 .debug_info    0x00000000000098a8     0x10f6 ./Core/Src/peristaltic_driver.o
 .debug_info    0x000000000000a99e     0x1a2d ./Core/Src/sensors.o
 .debug_info    0x000000000000c3cb     0x13f3 ./Core/Src/stm32f2xx_hal_msp.o
 .debug_info    0x000000000000d7be      0xf96 ./Core/Src/stm32f2xx_it.o
 .debug_info    0x000000000000e754      0x3e9 ./Core/Src/system_stm32f2xx.o
 .debug_info    0x000000000000eb3d     0x1306 ./Core/Src/water_temp_driver.o
 .debug_info    0x000000000000fe43       0x22 ./Core/Startup/startup_stm32f207zgtx.o
 .debug_info    0x000000000000fe65      0xa1b ./Drivers/STM32F2xx_HAL_Driver/Src/stm32f2xx_hal.o
 .debug_info    0x0000000000010880      0xdb5 ./Drivers/STM32F2xx_HAL_Driver/Src/stm32f2xx_hal_adc.o
 .debug_info    0x0000000000011635      0xed7 ./Drivers/STM32F2xx_HAL_Driver/Src/stm32f2xx_hal_cortex.o
 .debug_info    0x000000000001250c      0x804 ./Drivers/STM32F2xx_HAL_Driver/Src/stm32f2xx_hal_gpio.o
 .debug_info    0x0000000000012d10      0xb27 ./Drivers/STM32F2xx_HAL_Driver/Src/stm32f2xx_hal_rcc.o
 .debug_info    0x0000000000013837      0x669 ./Drivers/STM32F2xx_HAL_Driver/Src/stm32f2xx_hal_rcc_ex.o
 .debug_info    0x0000000000013ea0      0xcea ./Drivers/STM32F2xx_HAL_Driver/Src/stm32f2xx_hal_rtc.o
 .debug_info    0x0000000000014b8a      0xdd9 ./Drivers/STM32F2xx_HAL_Driver/Src/stm32f2xx_hal_rtc_ex.o
 .debug_info    0x0000000000015963     0x2a92 ./Drivers/STM32F2xx_HAL_Driver/Src/stm32f2xx_hal_tim.o
 .debug_info    0x00000000000183f5     0x1522 ./Drivers/STM32F2xx_HAL_Driver/Src/stm32f2xx_hal_tim_ex.o

.debug_abbrev   0x0000000000000000     0x3308
 .debug_abbrev  0x0000000000000000      0x182 ./Core/Src/ADC_driver.o
 .debug_abbrev  0x0000000000000182      0x1ab ./Core/Src/RTC_driver.o
 .debug_abbrev  0x000000000000032d      0x1b6 ./Core/Src/TDS_driver.o
 .debug_abbrev  0x00000000000004e3      0x1ab ./Core/Src/fan_driver.o
 .debug_abbrev  0x000000000000068e      0x1b1 ./Core/Src/hydro_control_loop.o
 .debug_abbrev  0x000000000000083f      0x1ba ./Core/Src/light_driver.o
 .debug_abbrev  0x00000000000009f9      0x255 ./Core/Src/main.o
 .debug_abbrev  0x0000000000000c4e      0x1be ./Core/Src/nutrient_pH_driver.o
 .debug_abbrev  0x0000000000000e0c      0x22c ./Core/Src/pH_driver.o
 .debug_abbrev  0x0000000000001038      0x21f ./Core/Src/peristaltic_driver.o
 .debug_abbrev  0x0000000000001257      0x26e ./Core/Src/sensors.o
 .debug_abbrev  0x00000000000014c5      0x219 ./Core/Src/stm32f2xx_hal_msp.o
 .debug_abbrev  0x00000000000016de      0x187 ./Core/Src/stm32f2xx_it.o
 .debug_abbrev  0x0000000000001865      0x145 ./Core/Src/system_stm32f2xx.o
 .debug_abbrev  0x00000000000019aa      0x1e5 ./Core/Src/water_temp_driver.o
 .debug_abbrev  0x0000000000001b8f       0x12 ./Core/Startup/startup_stm32f207zgtx.o
 .debug_abbrev  0x0000000000001ba1      0x25d ./Drivers/STM32F2xx_HAL_Driver/Src/stm32f2xx_hal.o
 .debug_abbrev  0x0000000000001dfe      0x267 ./Drivers/STM32F2xx_HAL_Driver/Src/stm32f2xx_hal_adc.o
 .debug_abbrev  0x0000000000002065      0x33c ./Drivers/STM32F2xx_HAL_Driver/Src/stm32f2xx_hal_cortex.o
 .debug_abbrev  0x00000000000023a1      0x1e8 ./Drivers/STM32F2xx_HAL_Driver/Src/stm32f2xx_hal_gpio.o
 .debug_abbrev  0x0000000000002589      0x293 ./Drivers/STM32F2xx_HAL_Driver/Src/stm32f2xx_hal_rcc.o
 .debug_abbrev  0x000000000000281c      0x231 ./Drivers/STM32F2xx_HAL_Driver/Src/stm32f2xx_hal_rcc_ex.o
 .debug_abbrev  0x0000000000002a4d      0x1e4 ./Drivers/STM32F2xx_HAL_Driver/Src/stm32f2xx_hal_rtc.o
 .debug_abbrev  0x0000000000002c31      0x213 ./Drivers/STM32F2xx_HAL_Driver/Src/stm32f2xx_hal_rtc_ex.o
 .debug_abbrev  0x0000000000002e44      0x25e ./Drivers/STM32F2xx_HAL_Driver/Src/stm32f2xx_hal_tim.o
 .debug_abbrev  0x00000000000030a2      0x266 ./Drivers/STM32F2xx_HAL_Driver/Src/stm32f2xx_hal_tim_ex.o

.debug_aranges  0x0000000000000000      0xee0
 .debug_aranges
                0x0000000000000000       0x20 ./Core/Src/ADC_driver.o
 .debug_aranges
                0x0000000000000020       0x28 ./Core/Src/RTC_driver.o
 .debug_aranges
                0x0000000000000048       0x20 ./Core/Src/TDS_driver.o
 .debug_aranges
                0x0000000000000068       0x30 ./Core/Src/fan_driver.o
 .debug_aranges
                0x0000000000000098       0x20 ./Core/Src/hydro_control_loop.o
 .debug_aranges
                0x00000000000000b8       0x38 ./Core/Src/light_driver.o
 .debug_aranges
                0x00000000000000f0       0x70 ./Core/Src/main.o
 .debug_aranges
                0x0000000000000160       0x38 ./Core/Src/nutrient_pH_driver.o
 .debug_aranges
                0x0000000000000198       0x48 ./Core/Src/pH_driver.o
 .debug_aranges
                0x00000000000001e0       0x40 ./Core/Src/peristaltic_driver.o
 .debug_aranges
                0x0000000000000220       0x48 ./Core/Src/sensors.o
 .debug_aranges
                0x0000000000000268       0x58 ./Core/Src/stm32f2xx_hal_msp.o
 .debug_aranges
                0x00000000000002c0       0x60 ./Core/Src/stm32f2xx_it.o
 .debug_aranges
                0x0000000000000320       0x28 ./Core/Src/system_stm32f2xx.o
 .debug_aranges
                0x0000000000000348       0x50 ./Core/Src/water_temp_driver.o
 .debug_aranges
                0x0000000000000398       0x28 ./Core/Startup/startup_stm32f207zgtx.o
 .debug_aranges
                0x00000000000003c0       0xf0 ./Drivers/STM32F2xx_HAL_Driver/Src/stm32f2xx_hal.o
 .debug_aranges
                0x00000000000004b0       0xe8 ./Drivers/STM32F2xx_HAL_Driver/Src/stm32f2xx_hal_adc.o
 .debug_aranges
                0x0000000000000598      0x118 ./Drivers/STM32F2xx_HAL_Driver/Src/stm32f2xx_hal_cortex.o
 .debug_aranges
                0x00000000000006b0       0x58 ./Drivers/STM32F2xx_HAL_Driver/Src/stm32f2xx_hal_gpio.o
 .debug_aranges
                0x0000000000000708       0x88 ./Drivers/STM32F2xx_HAL_Driver/Src/stm32f2xx_hal_rcc.o
 .debug_aranges
                0x0000000000000790       0x38 ./Drivers/STM32F2xx_HAL_Driver/Src/stm32f2xx_hal_rcc_ex.o
 .debug_aranges
                0x00000000000007c8       0xe0 ./Drivers/STM32F2xx_HAL_Driver/Src/stm32f2xx_hal_rtc.o
 .debug_aranges
                0x00000000000008a8      0x100 ./Drivers/STM32F2xx_HAL_Driver/Src/stm32f2xx_hal_rtc_ex.o
 .debug_aranges
                0x00000000000009a8      0x3d0 ./Drivers/STM32F2xx_HAL_Driver/Src/stm32f2xx_hal_tim.o
 .debug_aranges
                0x0000000000000d78      0x168 ./Drivers/STM32F2xx_HAL_Driver/Src/stm32f2xx_hal_tim_ex.o

.debug_ranges   0x0000000000000000      0xd48
 .debug_ranges  0x0000000000000000       0x10 ./Core/Src/ADC_driver.o
 .debug_ranges  0x0000000000000010       0x18 ./Core/Src/RTC_driver.o
 .debug_ranges  0x0000000000000028       0x10 ./Core/Src/TDS_driver.o
 .debug_ranges  0x0000000000000038       0x20 ./Core/Src/fan_driver.o
 .debug_ranges  0x0000000000000058       0x10 ./Core/Src/hydro_control_loop.o
 .debug_ranges  0x0000000000000068       0x28 ./Core/Src/light_driver.o
 .debug_ranges  0x0000000000000090       0x60 ./Core/Src/main.o
 .debug_ranges  0x00000000000000f0       0x28 ./Core/Src/nutrient_pH_driver.o
 .debug_ranges  0x0000000000000118       0x38 ./Core/Src/pH_driver.o
 .debug_ranges  0x0000000000000150       0x30 ./Core/Src/peristaltic_driver.o
 .debug_ranges  0x0000000000000180       0x38 ./Core/Src/sensors.o
 .debug_ranges  0x00000000000001b8       0x48 ./Core/Src/stm32f2xx_hal_msp.o
 .debug_ranges  0x0000000000000200       0x50 ./Core/Src/stm32f2xx_it.o
 .debug_ranges  0x0000000000000250       0x18 ./Core/Src/system_stm32f2xx.o
 .debug_ranges  0x0000000000000268       0x40 ./Core/Src/water_temp_driver.o
 .debug_ranges  0x00000000000002a8       0x20 ./Core/Startup/startup_stm32f207zgtx.o
 .debug_ranges  0x00000000000002c8       0xe0 ./Drivers/STM32F2xx_HAL_Driver/Src/stm32f2xx_hal.o
 .debug_ranges  0x00000000000003a8       0xd8 ./Drivers/STM32F2xx_HAL_Driver/Src/stm32f2xx_hal_adc.o
 .debug_ranges  0x0000000000000480      0x108 ./Drivers/STM32F2xx_HAL_Driver/Src/stm32f2xx_hal_cortex.o
 .debug_ranges  0x0000000000000588       0x48 ./Drivers/STM32F2xx_HAL_Driver/Src/stm32f2xx_hal_gpio.o
 .debug_ranges  0x00000000000005d0       0x78 ./Drivers/STM32F2xx_HAL_Driver/Src/stm32f2xx_hal_rcc.o
 .debug_ranges  0x0000000000000648       0x28 ./Drivers/STM32F2xx_HAL_Driver/Src/stm32f2xx_hal_rcc_ex.o
 .debug_ranges  0x0000000000000670       0xd0 ./Drivers/STM32F2xx_HAL_Driver/Src/stm32f2xx_hal_rtc.o
 .debug_ranges  0x0000000000000740       0xf0 ./Drivers/STM32F2xx_HAL_Driver/Src/stm32f2xx_hal_rtc_ex.o
 .debug_ranges  0x0000000000000830      0x3c0 ./Drivers/STM32F2xx_HAL_Driver/Src/stm32f2xx_hal_tim.o
 .debug_ranges  0x0000000000000bf0      0x158 ./Drivers/STM32F2xx_HAL_Driver/Src/stm32f2xx_hal_tim_ex.o

.debug_macro    0x0000000000000000    0x21e88
 .debug_macro   0x0000000000000000      0x21e ./Core/Src/ADC_driver.o
 .debug_macro   0x000000000000021e      0xa9c ./Core/Src/ADC_driver.o
 .debug_macro   0x0000000000000cba      0x244 ./Core/Src/ADC_driver.o
 .debug_macro   0x0000000000000efe       0x2e ./Core/Src/ADC_driver.o
 .debug_macro   0x0000000000000f2c       0x22 ./Core/Src/ADC_driver.o
 .debug_macro   0x0000000000000f4e       0x22 ./Core/Src/ADC_driver.o
 .debug_macro   0x0000000000000f70       0x8e ./Core/Src/ADC_driver.o
 .debug_macro   0x0000000000000ffe       0x51 ./Core/Src/ADC_driver.o
 .debug_macro   0x000000000000104f      0x103 ./Core/Src/ADC_driver.o
 .debug_macro   0x0000000000001152       0x6a ./Core/Src/ADC_driver.o
 .debug_macro   0x00000000000011bc      0x1df ./Core/Src/ADC_driver.o
 .debug_macro   0x000000000000139b       0x1c ./Core/Src/ADC_driver.o
 .debug_macro   0x00000000000013b7       0x22 ./Core/Src/ADC_driver.o
 .debug_macro   0x00000000000013d9       0xc3 ./Core/Src/ADC_driver.o
 .debug_macro   0x000000000000149c      0xe49 ./Core/Src/ADC_driver.o
 .debug_macro   0x00000000000022e5      0x11f ./Core/Src/ADC_driver.o
 .debug_macro   0x0000000000002404    0x14fe1 ./Core/Src/ADC_driver.o
 .debug_macro   0x00000000000173e5       0x43 ./Core/Src/ADC_driver.o
 .debug_macro   0x0000000000017428     0x358e ./Core/Src/ADC_driver.o
 .debug_macro   0x000000000001a9b6      0x174 ./Core/Src/ADC_driver.o
 .debug_macro   0x000000000001ab2a       0x55 ./Core/Src/ADC_driver.o
 .debug_macro   0x000000000001ab7f     0x1057 ./Core/Src/ADC_driver.o
 .debug_macro   0x000000000001bbd6      0x153 ./Core/Src/ADC_driver.o
 .debug_macro   0x000000000001bd29      0x170 ./Core/Src/ADC_driver.o
 .debug_macro   0x000000000001be99      0x116 ./Core/Src/ADC_driver.o
 .debug_macro   0x000000000001bfaf      0x108 ./Core/Src/ADC_driver.o
 .debug_macro   0x000000000001c0b7       0xa5 ./Core/Src/ADC_driver.o
 .debug_macro   0x000000000001c15c      0x16a ./Core/Src/ADC_driver.o
 .debug_macro   0x000000000001c2c6      0x287 ./Core/Src/ADC_driver.o
 .debug_macro   0x000000000001c54d       0x5f ./Core/Src/ADC_driver.o
 .debug_macro   0x000000000001c5ac      0x236 ./Core/Src/ADC_driver.o
 .debug_macro   0x000000000001c7e2      0x37c ./Core/Src/ADC_driver.o
 .debug_macro   0x000000000001cb5e      0x16f ./Core/Src/ADC_driver.o
 .debug_macro   0x000000000001cccd       0xf9 ./Core/Src/ADC_driver.o
 .debug_macro   0x000000000001cdc6      0x126 ./Core/Src/ADC_driver.o
 .debug_macro   0x000000000001ceec      0x216 ./Core/Src/ADC_driver.o
 .debug_macro   0x000000000001d102       0x2e ./Core/Src/ADC_driver.o
 .debug_macro   0x000000000001d130      0x113 ./Core/Src/ADC_driver.o
 .debug_macro   0x000000000001d243       0x22 ./Core/Src/ADC_driver.o
 .debug_macro   0x000000000001d265       0x82 ./Core/Src/ADC_driver.o
 .debug_macro   0x000000000001d2e7      0x28e ./Core/Src/ADC_driver.o
 .debug_macro   0x000000000001d575      0x2c0 ./Core/Src/ADC_driver.o
 .debug_macro   0x000000000001d835       0xd6 ./Core/Src/ADC_driver.o
 .debug_macro   0x000000000001d90b      0x8d1 ./Core/Src/ADC_driver.o
 .debug_macro   0x000000000001e1dc       0x4c ./Core/Src/ADC_driver.o
 .debug_macro   0x000000000001e228      0x12d ./Core/Src/ADC_driver.o
 .debug_macro   0x000000000001e355       0xd0 ./Core/Src/ADC_driver.o
 .debug_macro   0x000000000001e425      0x22c ./Core/Src/RTC_driver.o
 .debug_macro   0x000000000001e651      0x218 ./Core/Src/TDS_driver.o
 .debug_macro   0x000000000001e869       0xd6 ./Core/Src/TDS_driver.o
 .debug_macro   0x000000000001e93f      0x208 ./Core/Src/fan_driver.o
 .debug_macro   0x000000000001eb47      0x25a ./Core/Src/hydro_control_loop.o
 .debug_macro   0x000000000001eda1      0x228 ./Core/Src/light_driver.o
 .debug_macro   0x000000000001efc9      0x28a ./Core/Src/main.o
 .debug_macro   0x000000000001f253      0x20a ./Core/Src/nutrient_pH_driver.o
 .debug_macro   0x000000000001f45d      0x21a ./Core/Src/pH_driver.o
 .debug_macro   0x000000000001f677      0x206 ./Core/Src/peristaltic_driver.o
 .debug_macro   0x000000000001f87d      0x306 ./Core/Src/sensors.o
 .debug_macro   0x000000000001fb83       0x52 ./Core/Src/sensors.o
 .debug_macro   0x000000000001fbd5       0x18 ./Core/Src/sensors.o
 .debug_macro   0x000000000001fbed       0x3c ./Core/Src/sensors.o
 .debug_macro   0x000000000001fc29       0x34 ./Core/Src/sensors.o
 .debug_macro   0x000000000001fc5d       0x16 ./Core/Src/sensors.o
 .debug_macro   0x000000000001fc73       0x43 ./Core/Src/sensors.o
 .debug_macro   0x000000000001fcb6       0x34 ./Core/Src/sensors.o
 .debug_macro   0x000000000001fcea       0x10 ./Core/Src/sensors.o
 .debug_macro   0x000000000001fcfa       0x58 ./Core/Src/sensors.o
 .debug_macro   0x000000000001fd52       0x71 ./Core/Src/sensors.o
 .debug_macro   0x000000000001fdc3       0x1c ./Core/Src/sensors.o
 .debug_macro   0x000000000001fddf      0x12a ./Core/Src/sensors.o
 .debug_macro   0x000000000001ff09      0x333 ./Core/Src/sensors.o
 .debug_macro   0x000000000002023c       0x10 ./Core/Src/sensors.o
 .debug_macro   0x000000000002024c       0x35 ./Core/Src/sensors.o
 .debug_macro   0x0000000000020281       0x20 ./Core/Src/sensors.o
 .debug_macro   0x00000000000202a1      0x1fe ./Core/Src/stm32f2xx_hal_msp.o
 .debug_macro   0x000000000002049f      0x208 ./Core/Src/stm32f2xx_it.o
 .debug_macro   0x00000000000206a7      0x1ef ./Core/Src/system_stm32f2xx.o
 .debug_macro   0x0000000000020896      0x21a ./Core/Src/water_temp_driver.o
 .debug_macro   0x0000000000020ab0      0x23d ./Drivers/STM32F2xx_HAL_Driver/Src/stm32f2xx_hal.o
 .debug_macro   0x0000000000020ced      0x1f0 ./Drivers/STM32F2xx_HAL_Driver/Src/stm32f2xx_hal_adc.o
 .debug_macro   0x0000000000020edd      0x1ef ./Drivers/STM32F2xx_HAL_Driver/Src/stm32f2xx_hal_cortex.o
 .debug_macro   0x00000000000210cc      0x1f6 ./Drivers/STM32F2xx_HAL_Driver/Src/stm32f2xx_hal_gpio.o
 .debug_macro   0x00000000000212c2      0x219 ./Drivers/STM32F2xx_HAL_Driver/Src/stm32f2xx_hal_rcc.o
 .debug_macro   0x00000000000214db      0x1ef ./Drivers/STM32F2xx_HAL_Driver/Src/stm32f2xx_hal_rcc_ex.o
 .debug_macro   0x00000000000216ca      0x1f0 ./Drivers/STM32F2xx_HAL_Driver/Src/stm32f2xx_hal_rtc.o
 .debug_macro   0x00000000000218ba      0x1ef ./Drivers/STM32F2xx_HAL_Driver/Src/stm32f2xx_hal_rtc_ex.o
 .debug_macro   0x0000000000021aa9      0x1f0 ./Drivers/STM32F2xx_HAL_Driver/Src/stm32f2xx_hal_tim.o
 .debug_macro   0x0000000000021c99      0x1ef ./Drivers/STM32F2xx_HAL_Driver/Src/stm32f2xx_hal_tim_ex.o

.debug_line     0x0000000000000000    0x139f3
 .debug_line    0x0000000000000000      0x708 ./Core/Src/ADC_driver.o
 .debug_line    0x0000000000000708      0x75a ./Core/Src/RTC_driver.o
 .debug_line    0x0000000000000e62      0x7c7 ./Core/Src/TDS_driver.o
 .debug_line    0x0000000000001629      0x7b7 ./Core/Src/fan_driver.o
 .debug_line    0x0000000000001de0      0x7cd ./Core/Src/hydro_control_loop.o
 .debug_line    0x00000000000025ad      0x7d9 ./Core/Src/light_driver.o
 .debug_line    0x0000000000002d86      0xb70 ./Core/Src/main.o
 .debug_line    0x00000000000038f6      0x76d ./Core/Src/nutrient_pH_driver.o
 .debug_line    0x0000000000004063      0x87f ./Core/Src/pH_driver.o
 .debug_line    0x00000000000048e2      0x90b ./Core/Src/peristaltic_driver.o
 .debug_line    0x00000000000051ed      0xa07 ./Core/Src/sensors.o
 .debug_line    0x0000000000005bf4      0x876 ./Core/Src/stm32f2xx_hal_msp.o
 .debug_line    0x000000000000646a      0x7b2 ./Core/Src/stm32f2xx_it.o
 .debug_line    0x0000000000006c1c      0x76c ./Core/Src/system_stm32f2xx.o
 .debug_line    0x0000000000007388      0x87a ./Core/Src/water_temp_driver.o
 .debug_line    0x0000000000007c02       0x88 ./Core/Startup/startup_stm32f207zgtx.o
 .debug_line    0x0000000000007c8a      0xa03 ./Drivers/STM32F2xx_HAL_Driver/Src/stm32f2xx_hal.o
 .debug_line    0x000000000000868d     0x1172 ./Drivers/STM32F2xx_HAL_Driver/Src/stm32f2xx_hal_adc.o
 .debug_line    0x00000000000097ff      0xc86 ./Drivers/STM32F2xx_HAL_Driver/Src/stm32f2xx_hal_cortex.o
 .debug_line    0x000000000000a485      0xb53 ./Drivers/STM32F2xx_HAL_Driver/Src/stm32f2xx_hal_gpio.o
 .debug_line    0x000000000000afd8      0xe89 ./Drivers/STM32F2xx_HAL_Driver/Src/stm32f2xx_hal_rcc.o
 .debug_line    0x000000000000be61      0x928 ./Drivers/STM32F2xx_HAL_Driver/Src/stm32f2xx_hal_rcc_ex.o
 .debug_line    0x000000000000c789     0x10b0 ./Drivers/STM32F2xx_HAL_Driver/Src/stm32f2xx_hal_rtc.o
 .debug_line    0x000000000000d839     0x120f ./Drivers/STM32F2xx_HAL_Driver/Src/stm32f2xx_hal_rtc_ex.o
 .debug_line    0x000000000000ea48     0x3603 ./Drivers/STM32F2xx_HAL_Driver/Src/stm32f2xx_hal_tim.o
 .debug_line    0x000000000001204b     0x19a8 ./Drivers/STM32F2xx_HAL_Driver/Src/stm32f2xx_hal_tim_ex.o

.debug_str      0x0000000000000000    0xc92ad
 .debug_str     0x0000000000000000    0xc2566 ./Core/Src/ADC_driver.o
                                      0xc28ec (size before relaxing)
 .debug_str     0x00000000000c2566       0x8e ./Core/Src/RTC_driver.o
                                      0xc2934 (size before relaxing)
 .debug_str     0x00000000000c25f4       0x56 ./Core/Src/TDS_driver.o
                                      0xc28f1 (size before relaxing)
 .debug_str     0x00000000000c264a       0x91 ./Core/Src/fan_driver.o
                                      0xc2922 (size before relaxing)
 .debug_str     0x00000000000c26db       0xe5 ./Core/Src/hydro_control_loop.o
                                      0xc29e8 (size before relaxing)
 .debug_str     0x00000000000c27c0      0x103 ./Core/Src/light_driver.o
                                      0xc29dc (size before relaxing)
 .debug_str     0x00000000000c28c3      0x4da ./Core/Src/main.o
                                      0xc2f20 (size before relaxing)
 .debug_str     0x00000000000c2d9d       0x9d ./Core/Src/nutrient_pH_driver.o
                                      0xc2950 (size before relaxing)
 .debug_str     0x00000000000c2e3a       0xce ./Core/Src/pH_driver.o
                                      0xc2987 (size before relaxing)
 .debug_str     0x00000000000c2f08       0x73 ./Core/Src/peristaltic_driver.o
                                      0xc2996 (size before relaxing)
 .debug_str     0x00000000000c2f7b     0x32c5 ./Core/Src/sensors.o
                                      0xc5c8a (size before relaxing)
 .debug_str     0x00000000000c6240       0xc4 ./Core/Src/stm32f2xx_hal_msp.o
                                      0xc2a5c (size before relaxing)
 .debug_str     0x00000000000c6304       0xbd ./Core/Src/stm32f2xx_it.o
                                      0xc2948 (size before relaxing)
 .debug_str     0x00000000000c63c1       0x5b ./Core/Src/system_stm32f2xx.o
                                      0xc1bee (size before relaxing)
 .debug_str     0x00000000000c641c      0x177 ./Core/Src/water_temp_driver.o
                                      0xc2a99 (size before relaxing)
 .debug_str     0x00000000000c6593       0x36 ./Core/Startup/startup_stm32f207zgtx.o
                                         0x64 (size before relaxing)
 .debug_str     0x00000000000c65c9      0x9c1 ./Drivers/STM32F2xx_HAL_Driver/Src/stm32f2xx_hal.o
                                      0xc2686 (size before relaxing)
 .debug_str     0x00000000000c6f8a      0x297 ./Drivers/STM32F2xx_HAL_Driver/Src/stm32f2xx_hal_adc.o
                                      0xc21f4 (size before relaxing)
 .debug_str     0x00000000000c7221      0x3e5 ./Drivers/STM32F2xx_HAL_Driver/Src/stm32f2xx_hal_cortex.o
                                      0xc2519 (size before relaxing)
 .debug_str     0x00000000000c7606      0x149 ./Drivers/STM32F2xx_HAL_Driver/Src/stm32f2xx_hal_gpio.o
                                      0xc1dd8 (size before relaxing)
 .debug_str     0x00000000000c774f      0x282 ./Drivers/STM32F2xx_HAL_Driver/Src/stm32f2xx_hal_rcc.o
                                      0xc206e (size before relaxing)
 .debug_str     0x00000000000c79d1       0xca ./Drivers/STM32F2xx_HAL_Driver/Src/stm32f2xx_hal_rcc_ex.o
                                      0xc1d59 (size before relaxing)
 .debug_str     0x00000000000c7a9b      0x223 ./Drivers/STM32F2xx_HAL_Driver/Src/stm32f2xx_hal_rtc.o
                                      0xc2066 (size before relaxing)
 .debug_str     0x00000000000c7cbe      0x412 ./Drivers/STM32F2xx_HAL_Driver/Src/stm32f2xx_hal_rtc_ex.o
                                      0xc21e4 (size before relaxing)
 .debug_str     0x00000000000c80d0      0xd83 ./Drivers/STM32F2xx_HAL_Driver/Src/stm32f2xx_hal_tim.o
                                      0xc2f6a (size before relaxing)
 .debug_str     0x00000000000c8e53      0x45a ./Drivers/STM32F2xx_HAL_Driver/Src/stm32f2xx_hal_tim_ex.o
                                      0xc271b (size before relaxing)

.comment        0x0000000000000000       0x53
 .comment       0x0000000000000000       0x53 ./Core/Src/ADC_driver.o
                                         0x54 (size before relaxing)
 .comment       0x0000000000000053       0x54 ./Core/Src/RTC_driver.o
 .comment       0x0000000000000053       0x54 ./Core/Src/TDS_driver.o
 .comment       0x0000000000000053       0x54 ./Core/Src/fan_driver.o
 .comment       0x0000000000000053       0x54 ./Core/Src/hydro_control_loop.o
 .comment       0x0000000000000053       0x54 ./Core/Src/light_driver.o
 .comment       0x0000000000000053       0x54 ./Core/Src/main.o
 .comment       0x0000000000000053       0x54 ./Core/Src/nutrient_pH_driver.o
 .comment       0x0000000000000053       0x54 ./Core/Src/pH_driver.o
 .comment       0x0000000000000053       0x54 ./Core/Src/peristaltic_driver.o
 .comment       0x0000000000000053       0x54 ./Core/Src/sensors.o
 .comment       0x0000000000000053       0x54 ./Core/Src/stm32f2xx_hal_msp.o
 .comment       0x0000000000000053       0x54 ./Core/Src/stm32f2xx_it.o
 .comment       0x0000000000000053       0x54 ./Core/Src/system_stm32f2xx.o
 .comment       0x0000000000000053       0x54 ./Core/Src/water_temp_driver.o
 .comment       0x0000000000000053       0x54 ./Drivers/STM32F2xx_HAL_Driver/Src/stm32f2xx_hal.o
 .comment       0x0000000000000053       0x54 ./Drivers/STM32F2xx_HAL_Driver/Src/stm32f2xx_hal_adc.o
 .comment       0x0000000000000053       0x54 ./Drivers/STM32F2xx_HAL_Driver/Src/stm32f2xx_hal_cortex.o
 .comment       0x0000000000000053       0x54 ./Drivers/STM32F2xx_HAL_Driver/Src/stm32f2xx_hal_gpio.o
 .comment       0x0000000000000053       0x54 ./Drivers/STM32F2xx_HAL_Driver/Src/stm32f2xx_hal_rcc.o
 .comment       0x0000000000000053       0x54 ./Drivers/STM32F2xx_HAL_Driver/Src/stm32f2xx_hal_rcc_ex.o
 .comment       0x0000000000000053       0x54 ./Drivers/STM32F2xx_HAL_Driver/Src/stm32f2xx_hal_rtc.o
 .comment       0x0000000000000053       0x54 ./Drivers/STM32F2xx_HAL_Driver/Src/stm32f2xx_hal_rtc_ex.o
 .comment       0x0000000000000053       0x54 ./Drivers/STM32F2xx_HAL_Driver/Src/stm32f2xx_hal_tim.o
 .comment       0x0000000000000053       0x54 ./Drivers/STM32F2xx_HAL_Driver/Src/stm32f2xx_hal_tim_ex.o

.debug_frame    0x0000000000000000     0x3ed4
 .debug_frame   0x0000000000000000       0x34 ./Core/Src/ADC_driver.o
 .debug_frame   0x0000000000000034       0x54 ./Core/Src/RTC_driver.o
 .debug_frame   0x0000000000000088       0x3c ./Core/Src/TDS_driver.o
 .debug_frame   0x00000000000000c4       0x70 ./Core/Src/fan_driver.o
 .debug_frame   0x0000000000000134       0x34 ./Core/Src/hydro_control_loop.o
 .debug_frame   0x0000000000000168       0x8c ./Core/Src/light_driver.o
 .debug_frame   0x00000000000001f4      0x188 ./Core/Src/main.o
 .debug_frame   0x000000000000037c       0xac ./Core/Src/nutrient_pH_driver.o
 .debug_frame   0x0000000000000428       0xfc ./Core/Src/pH_driver.o
 .debug_frame   0x0000000000000524       0xc4 ./Core/Src/peristaltic_driver.o
 .debug_frame   0x00000000000005e8       0xcc ./Core/Src/sensors.o
 .debug_frame   0x00000000000006b4      0x144 ./Core/Src/stm32f2xx_hal_msp.o
 .debug_frame   0x00000000000007f8      0x104 ./Core/Src/stm32f2xx_it.o
 .debug_frame   0x00000000000008fc       0x58 ./Core/Src/system_stm32f2xx.o
 .debug_frame   0x0000000000000954      0x108 ./Core/Src/water_temp_driver.o
 .debug_frame   0x0000000000000a5c      0x384 ./Drivers/STM32F2xx_HAL_Driver/Src/stm32f2xx_hal.o
 .debug_frame   0x0000000000000de0      0x3fc ./Drivers/STM32F2xx_HAL_Driver/Src/stm32f2xx_hal_adc.o
 .debug_frame   0x00000000000011dc      0x498 ./Drivers/STM32F2xx_HAL_Driver/Src/stm32f2xx_hal_cortex.o
 .debug_frame   0x0000000000001674      0x14c ./Drivers/STM32F2xx_HAL_Driver/Src/stm32f2xx_hal_gpio.o
 .debug_frame   0x00000000000017c0      0x200 ./Drivers/STM32F2xx_HAL_Driver/Src/stm32f2xx_hal_rcc.o
 .debug_frame   0x00000000000019c0       0xa4 ./Drivers/STM32F2xx_HAL_Driver/Src/stm32f2xx_hal_rcc_ex.o
 .debug_frame   0x0000000000001a64      0x3d0 ./Drivers/STM32F2xx_HAL_Driver/Src/stm32f2xx_hal_rtc.o
 .debug_frame   0x0000000000001e34      0x464 ./Drivers/STM32F2xx_HAL_Driver/Src/stm32f2xx_hal_rtc_ex.o
 .debug_frame   0x0000000000002298     0x11bc ./Drivers/STM32F2xx_HAL_Driver/Src/stm32f2xx_hal_tim.o
 .debug_frame   0x0000000000003454      0x638 ./Drivers/STM32F2xx_HAL_Driver/Src/stm32f2xx_hal_tim_ex.o
 .debug_frame   0x0000000000003a8c       0x2c c:/st/stm32cubeide_1.8.0/stm32cubeide/plugins/com.st.stm32cube.ide.mcu.externaltools.gnu-tools-for-stm32.9-2020-q2-update.win32_2.0.0.202105311346/tools/bin/../lib/gcc/arm-none-eabi/9.3.1/../../../../arm-none-eabi/lib/thumb/v7-m/nofp\libc_nano.a(lib_a-init.o)
 .debug_frame   0x0000000000003ab8       0x20 c:/st/stm32cubeide_1.8.0/stm32cubeide/plugins/com.st.stm32cube.ide.mcu.externaltools.gnu-tools-for-stm32.9-2020-q2-update.win32_2.0.0.202105311346/tools/bin/../lib/gcc/arm-none-eabi/9.3.1/../../../../arm-none-eabi/lib/thumb/v7-m/nofp\libc_nano.a(lib_a-memset.o)
 .debug_frame   0x0000000000003ad8       0xac c:/st/stm32cubeide_1.8.0/stm32cubeide/plugins/com.st.stm32cube.ide.mcu.externaltools.gnu-tools-for-stm32.9-2020-q2-update.win32_2.0.0.202105311346/tools/bin/../lib/gcc/arm-none-eabi/9.3.1/thumb/v7-m/nofp\libgcc.a(_arm_addsubdf3.o)
 .debug_frame   0x0000000000003b84       0x50 c:/st/stm32cubeide_1.8.0/stm32cubeide/plugins/com.st.stm32cube.ide.mcu.externaltools.gnu-tools-for-stm32.9-2020-q2-update.win32_2.0.0.202105311346/tools/bin/../lib/gcc/arm-none-eabi/9.3.1/thumb/v7-m/nofp\libgcc.a(_arm_muldivdf3.o)
 .debug_frame   0x0000000000003bd4       0xc4 c:/st/stm32cubeide_1.8.0/stm32cubeide/plugins/com.st.stm32cube.ide.mcu.externaltools.gnu-tools-for-stm32.9-2020-q2-update.win32_2.0.0.202105311346/tools/bin/../lib/gcc/arm-none-eabi/9.3.1/thumb/v7-m/nofp\libgcc.a(_arm_cmpdf2.o)
 .debug_frame   0x0000000000003c98       0x24 c:/st/stm32cubeide_1.8.0/stm32cubeide/plugins/com.st.stm32cube.ide.mcu.externaltools.gnu-tools-for-stm32.9-2020-q2-update.win32_2.0.0.202105311346/tools/bin/../lib/gcc/arm-none-eabi/9.3.1/thumb/v7-m/nofp\libgcc.a(_arm_fixdfsi.o)
 .debug_frame   0x0000000000003cbc       0x24 c:/st/stm32cubeide_1.8.0/stm32cubeide/plugins/com.st.stm32cube.ide.mcu.externaltools.gnu-tools-for-stm32.9-2020-q2-update.win32_2.0.0.202105311346/tools/bin/../lib/gcc/arm-none-eabi/9.3.1/thumb/v7-m/nofp\libgcc.a(_arm_truncdfsf2.o)
 .debug_frame   0x0000000000003ce0       0x4c c:/st/stm32cubeide_1.8.0/stm32cubeide/plugins/com.st.stm32cube.ide.mcu.externaltools.gnu-tools-for-stm32.9-2020-q2-update.win32_2.0.0.202105311346/tools/bin/../lib/gcc/arm-none-eabi/9.3.1/thumb/v7-m/nofp\libgcc.a(_arm_addsubsf3.o)
 .debug_frame   0x0000000000003d2c       0x38 c:/st/stm32cubeide_1.8.0/stm32cubeide/plugins/com.st.stm32cube.ide.mcu.externaltools.gnu-tools-for-stm32.9-2020-q2-update.win32_2.0.0.202105311346/tools/bin/../lib/gcc/arm-none-eabi/9.3.1/thumb/v7-m/nofp\libgcc.a(_arm_muldivsf3.o)
 .debug_frame   0x0000000000003d64       0xc8 c:/st/stm32cubeide_1.8.0/stm32cubeide/plugins/com.st.stm32cube.ide.mcu.externaltools.gnu-tools-for-stm32.9-2020-q2-update.win32_2.0.0.202105311346/tools/bin/../lib/gcc/arm-none-eabi/9.3.1/thumb/v7-m/nofp\libgcc.a(_arm_cmpsf2.o)
 .debug_frame   0x0000000000003e2c       0x24 c:/st/stm32cubeide_1.8.0/stm32cubeide/plugins/com.st.stm32cube.ide.mcu.externaltools.gnu-tools-for-stm32.9-2020-q2-update.win32_2.0.0.202105311346/tools/bin/../lib/gcc/arm-none-eabi/9.3.1/thumb/v7-m/nofp\libgcc.a(_arm_fixsfsi.o)
 .debug_frame   0x0000000000003e50       0x24 c:/st/stm32cubeide_1.8.0/stm32cubeide/plugins/com.st.stm32cube.ide.mcu.externaltools.gnu-tools-for-stm32.9-2020-q2-update.win32_2.0.0.202105311346/tools/bin/../lib/gcc/arm-none-eabi/9.3.1/thumb/v7-m/nofp\libgcc.a(_arm_fixunssfsi.o)
 .debug_frame   0x0000000000003e74       0x2c c:/st/stm32cubeide_1.8.0/stm32cubeide/plugins/com.st.stm32cube.ide.mcu.externaltools.gnu-tools-for-stm32.9-2020-q2-update.win32_2.0.0.202105311346/tools/bin/../lib/gcc/arm-none-eabi/9.3.1/thumb/v7-m/nofp\libgcc.a(_aeabi_uldivmod.o)
 .debug_frame   0x0000000000003ea0       0x34 c:/st/stm32cubeide_1.8.0/stm32cubeide/plugins/com.st.stm32cube.ide.mcu.externaltools.gnu-tools-for-stm32.9-2020-q2-update.win32_2.0.0.202105311346/tools/bin/../lib/gcc/arm-none-eabi/9.3.1/thumb/v7-m/nofp\libgcc.a(_udivmoddi4.o)