hydro_control_loop.c:41:6:floatToString	32	static
hydro_control_loop.c:128:6:write_file	8	static
hydro_control_loop.c:158:6:add_data_to_array	8	static
hydro_control_loop.c:294:6:appendInitialConditions	8	static
hydro_control_loop.c:365:6:getFiveSamples	32	static
hydro_control_loop.c:385:6:balancePhAndNutrient	24	static
hydro_control_loop.c:543:6:resetStabilityVars	16	static
hydro_control_loop.c:577:6:isStabalized	32	static
hydro_control_loop.c:692:5:waitForWaterToStabilize	8	static
hydro_control_loop.c:716:6:waterTempControl	4	static
hydro_control_loop.c:720:6:systemControl	16	static
