hydro_control_loop.c:32:6:floatToString	16	static
hydro_control_loop.c:106:6:write_balance_data_file	16	static
hydro_control_loop.c:134:6:add_data_to_array	8	static
hydro_control_loop.c:255:6:appendInitialConditions	8	static
hydro_control_loop.c:323:6:balancePhAndNutrient	40	static
hydro_control_loop.c:471:6:resetStabilityVars	16	static
hydro_control_loop.c:490:6:isStabalized	24	static
hydro_control_loop.c:598:5:waitForWaterToStabilize	8	static
hydro_control_loop.c:619:6:waterTempControl	8	static
hydro_control_loop.c:664:6:systemControl	16	static
